Return-Path: <stable+bounces-145834-lists+stable=lfdr.de@vger.kernel.org>
X-Original-To: lists+stable@lfdr.de
Delivered-To: lists+stable@lfdr.de
Received: from ny.mirrors.kernel.org (ny.mirrors.kernel.org [147.75.199.223])
	by mail.lfdr.de (Postfix) with ESMTPS id EB9C8ABF5CF
	for <lists+stable@lfdr.de>; Wed, 21 May 2025 15:16:34 +0200 (CEST)
Received: from smtp.subspace.kernel.org (relay.kernel.org [52.25.139.140])
	(using TLSv1.2 with cipher ECDHE-ECDSA-AES256-GCM-SHA384 (256/256 bits))
	(No client certificate requested)
	by ny.mirrors.kernel.org (Postfix) with ESMTPS id 773144A21C2
	for <lists+stable@lfdr.de>; Wed, 21 May 2025 13:16:33 +0000 (UTC)
Received: from localhost.localdomain (localhost.localdomain [127.0.0.1])
	by smtp.subspace.kernel.org (Postfix) with ESMTP id DF4B4266B72;
	Wed, 21 May 2025 13:16:19 +0000 (UTC)
Authentication-Results: smtp.subspace.kernel.org;
	dkim=pass (1024-bit key) header.d=wikimedia.org header.i=@wikimedia.org header.b="U3LOJkjW"
X-Original-To: stable@vger.kernel.org
Received: from mail-wr1-f43.google.com (mail-wr1-f43.google.com [209.85.221.43])
	(using TLSv1.2 with cipher ECDHE-RSA-AES128-GCM-SHA256 (128/128 bits))
	(No client certificate requested)
	by smtp.subspace.kernel.org (Postfix) with ESMTPS id 5180D74040
	for <stable@vger.kernel.org>; Wed, 21 May 2025 13:15:46 +0000 (UTC)
Authentication-Results: smtp.subspace.kernel.org; arc=none smtp.client-ip=209.85.221.43
ARC-Seal:i=1; a=rsa-sha256; d=subspace.kernel.org; s=arc-20240116;
	t=1747833379; cv=none; b=TT5L1obObo+9ffw2uxo3BAbFy9IW96au+EQzUbLLDnvkGMpxFtbuNHOrXHDj5Ptqq3OoaAhxeb4KRLws68qEVnv0GDYdSpfeW/pS7ButzkezSUaIVwRWMuUnGzl4OjXGhOnKIQCg6tH082DEApvfPahhFwvxWylrWSr6bZqrfSM=
ARC-Message-Signature:i=1; a=rsa-sha256; d=subspace.kernel.org;
	s=arc-20240116; t=1747833379; c=relaxed/simple;
	bh=uGRu9S6dWeVwQAZaw6wJR/sNEYDAYhmDl2U68jUPRFE=;
	h=Date:From:To:Cc:Subject:Message-ID:MIME-Version:Content-Type:
	 Content-Disposition; b=oMDG7D32pnplw66iUHY1pMUyPUQpUJcZU2chCxAvYLtitrIDD9gwMMLDZ5MhauDtMbzhmjMte6Gzin7dm99S/T0OJ+UWhzVJfYGY88JpmcvB6ehPXSTEalnUwNvcti1rTfMszeX0OZQua3ZMqploFU5coBjhcdsh7MKK9KdQ3KA=
ARC-Authentication-Results:i=1; smtp.subspace.kernel.org; dmarc=pass (p=none dis=none) header.from=wikimedia.org; spf=pass smtp.mailfrom=wikimedia.org; dkim=pass (1024-bit key) header.d=wikimedia.org header.i=@wikimedia.org header.b=U3LOJkjW; arc=none smtp.client-ip=209.85.221.43
Authentication-Results: smtp.subspace.kernel.org; dmarc=pass (p=none dis=none) header.from=wikimedia.org
Authentication-Results: smtp.subspace.kernel.org; spf=pass smtp.mailfrom=wikimedia.org
Received: by mail-wr1-f43.google.com with SMTP id ffacd0b85a97d-3a37a243388so1767872f8f.1
        for <stable@vger.kernel.org>; Wed, 21 May 2025 06:15:46 -0700 (PDT)
DKIM-Signature: v=1; a=rsa-sha256; c=relaxed/relaxed;
        d=wikimedia.org; s=google; t=1747833344; x=1748438144; darn=vger.kernel.org;
        h=content-disposition:mime-version:message-id:subject:cc:to:from:date
         :from:to:cc:subject:date:message-id:reply-to;
        bh=eDCNG9BOwMZ/BVLUye72xy7qE3CUiPj8AY68pLWbOhk=;
        b=U3LOJkjWME1ZbjLJNbcxyxOLSei3dNkX7bvSb72gUQAsLzyXh3Z2FW2EqVRvEtn7DL
         EN9YBinz3Kq/YG701C5xSbphZRE0OzfRR3DQIPv6phrpOKoeqZiiBudi2nwkBhDvjayg
         gn3f6GJKB/cy6xWkJzaf1xGiI2KeiQngyxNwc=
X-Google-DKIM-Signature: v=1; a=rsa-sha256; c=relaxed/relaxed;
        d=1e100.net; s=20230601; t=1747833344; x=1748438144;
        h=content-disposition:mime-version:message-id:subject:cc:to:from:date
         :x-gm-message-state:from:to:cc:subject:date:message-id:reply-to;
        bh=eDCNG9BOwMZ/BVLUye72xy7qE3CUiPj8AY68pLWbOhk=;
        b=b5IcZlt2ZvYduZP0BhaJXIkfmO2GFmAHh09yKAQ1NUUpuQminyjWgkLuY319yKpQMZ
         8emhkPBDCd5ZYBchWXg3AQwEy/I6A2trJOYmfc8uRxH8/v0++YmngBmfu5lKv6GqsJEe
         ToFhFMCLpFFZo9FyIXidPh107n0GyS0qcRMnb+EQpQR2/ZQVd4HPW8Siinx6ch1ecOvH
         B3VfmcEazT2wpCM6wDCSWqrfbHYoA4YqZX2PMOBwaYs2go9uUjeUCj2tXlDpDdcllaQE
         SK1X59JkTq7DsUdOGEn+fWb4nPJ7rNeE5YOFjOT2I7U3l/5nN84yUZmmQ1OrFqjsXhw4
         aIGA==
X-Gm-Message-State: AOJu0YziXY+dSNuhMtUucKQtImrHiCmw0LafEGXoV81PabAr4SkvnIvM
	YjjRYZpJgZ0fqUxgb2S9ZBSo5zqZOx2epI0E7aDz8BNViHUHuzuhNchZ7UTo3WZkih3ib2S8BHt
	5NevA
X-Gm-Gg: ASbGncsIUiV0iWWzW+Ho+nPPSpRFP9QEN+YVZBaGjaV/SpNu4Q654oj/fhggCC1+M8A
	tfIFa3Ok3pavshWhd0AmjMbhrBqhAgjPlrfqSOOX5CzzDQ6OukNLcxDrrJnWLi3Nu+0EBBCUGL6
	ltPFoR4rQB6go6VJkI/cybyHrcDWmCRcr/ad1n1LqdS3UBsYMwWd0ovGG9v2KGY5sKH9jz79LBL
	/t0B8cXGOUZ73ABAHkr4j7nAPEmM9h3e3V/RgT4IDVpBZLeneQ7Nf5ZSO8qeMdMJVhH6tbkD0FH
	ysz5hznhxzrrFDgk2Ycjw7NneZTttuj6KgKOHoJ5pPnjJ4vIk4bSCcq12A96ThVAVWwcwNr6zwn
	DFkvfy9R4Sdf4P56cGt7dIcWb/RIZZ6be6yUWssRKP3ND9b/6DX9q7gPIFFTh
X-Google-Smtp-Source: AGHT+IE5AtweIn9Ib59b6Y4hKEGhOV6FRwjui5bqOEb3x/TkZv+rontRCO/+fh7Z9L172dag30S6Xw==
X-Received: by 2002:adf:f14d:0:b0:3a3:6234:3736 with SMTP id ffacd0b85a97d-3a362343748mr14548618f8f.38.1747833343806;
        Wed, 21 May 2025 06:15:43 -0700 (PDT)
Received: from pastis.westfalen.local (p200300f5ff135a004c3d9b514167f4b1.dip0.t-ipconnect.de. [2003:f5:ff13:5a00:4c3d:9b51:4167:f4b1])
        by smtp.gmail.com with ESMTPSA id ffacd0b85a97d-3a35ca4d224sm20332148f8f.12.2025.05.21.06.15.41
        (version=TLS1_3 cipher=TLS_AES_256_GCM_SHA384 bits=256/256);
        Wed, 21 May 2025 06:15:42 -0700 (PDT)
Date: Wed, 21 May 2025 15:15:40 +0200
From: Moritz =?iso-8859-1?Q?M=FChlenhoff?= <mmuhlenhoff@wikimedia.org>
To: stable@vger.kernel.org, regressions@lists.linux.dev
Cc: carnil@debian.org
Subject: Regression between 6.1.135 and 6.1.139, possibly related to ITS
 mitigations
Message-ID: <aC3R_CCacqN9XmiL@pastis.westfalen.local>
Precedence: bulk
X-Mailing-List: stable@vger.kernel.org
List-Id: <stable.vger.kernel.org>
List-Subscribe: <mailto:stable+subscribe@vger.kernel.org>
List-Unsubscribe: <mailto:stable+unsubscribe@vger.kernel.org>
MIME-Version: 1.0
Content-Type: multipart/mixed; boundary="0Vubb370FAycjMwe"
Content-Disposition: inline


--0Vubb370FAycjMwe
Content-Type: text/plain; charset=us-ascii
Content-Disposition: inline

Hi,
I'd like to report a regression which seems related to the latest
ITS mitigations in Linux 6.1.x:

The server in question is a Supermicro SYS-120C-TN10R with
a "Intel(R) Xeon(R) Silver 4310 CPU @ 2.10GHz" CPU, running
Debian Bookworm. The full output of /proc/cpuinfo is attached
as cpuinfo.txt

In addition to the kernel changes between 6.1.135 and 6.1.139
there is also some additional invariant, namely the Intel microcode
loaded at early boot:

On Linux 6.1.135 every works fine with both the 20250211 and
20250512 microcode releases (kern.log is attached as
6.1.135-feb-microcode.log and 6.1.135-may-microcode.log)

With 6.1.139 and the February microcode, oopses appear related
to clear_bhb_loop() (which may be related to "x86/its: Align
RETs in BHB clear sequence to avoid thunking"?). This is
captured in 6.1.139-feb-microcode.log.

With 6.1.139 and the May microcode, the system mostly
crashes on bootup (in my tests it crashed in three out of
four attempts). I've captured both the crash
(6.1.139-may-microcode-crash.log) and a working boot
(6.1.139-may-microcode-noncrash.log).

If you need any additional information, please let me know!

Cheers,
        Moritz

--0Vubb370FAycjMwe
Content-Type: text/plain; charset=us-ascii
Content-Disposition: attachment; filename="6.1.135-feb-microcode.log"

2025-05-21T10:59:23.311954+00:00 mc-misc2002 kernel: [    0.000000] microcode: microcode updated early to revision 0xd0003f5, date = 2024-08-02
2025-05-21T10:59:23.312105+00:00 mc-misc2002 kernel: [    0.000000] Linux version 6.1.0-34-amd64 (debian-kernel@lists.debian.org) (gcc-12 (Debian 12.2.0-14+deb12u1) 12.2.0, GNU ld (GNU Binutils for Debian) 2.40) #1 SMP PREEMPT_DYNAMIC Debian 6.1.135-1 (2025-04-25)
2025-05-21T10:59:23.312111+00:00 mc-misc2002 kernel: [    0.000000] Command line: BOOT_IMAGE=/boot/vmlinuz-6.1.0-34-amd64 root=/dev/mapper/vg0-root ro console=ttyS1,115200n8 raid0.default_layout=2 elevator=deadline
2025-05-21T10:59:23.312112+00:00 mc-misc2002 kernel: [    0.000000] x86/tme: not enabled by BIOS
2025-05-21T10:59:23.312115+00:00 mc-misc2002 kernel: [    0.000000] x86/split lock detection: #AC: crashing the kernel on kernel split_locks and warning on user-space split_locks
2025-05-21T10:59:23.312116+00:00 mc-misc2002 kernel: [    0.000000] BIOS-provided physical RAM map:
2025-05-21T10:59:23.312116+00:00 mc-misc2002 kernel: [    0.000000] BIOS-e820: [mem 0x0000000000000000-0x00000000000987ff] usable
2025-05-21T10:59:23.312119+00:00 mc-misc2002 kernel: [    0.000000] BIOS-e820: [mem 0x0000000000098800-0x000000000009ffff] reserved
2025-05-21T10:59:23.312120+00:00 mc-misc2002 kernel: [    0.000000] BIOS-e820: [mem 0x00000000000e0000-0x00000000000fffff] reserved
2025-05-21T10:59:23.312120+00:00 mc-misc2002 kernel: [    0.000000] BIOS-e820: [mem 0x0000000000100000-0x00000000645fefff] usable
2025-05-21T10:59:23.312121+00:00 mc-misc2002 kernel: [    0.000000] BIOS-e820: [mem 0x00000000645ff000-0x0000000066ffefff] reserved
2025-05-21T10:59:23.312121+00:00 mc-misc2002 kernel: [    0.000000] BIOS-e820: [mem 0x0000000066fff000-0x00000000678fefff] ACPI data
2025-05-21T10:59:23.312122+00:00 mc-misc2002 kernel: [    0.000000] BIOS-e820: [mem 0x00000000678ff000-0x0000000067dfefff] ACPI NVS
2025-05-21T10:59:23.312124+00:00 mc-misc2002 kernel: [    0.000000] BIOS-e820: [mem 0x0000000067dff000-0x000000006c1fefff] reserved
2025-05-21T10:59:23.312125+00:00 mc-misc2002 kernel: [    0.000000] BIOS-e820: [mem 0x000000006c1ff000-0x000000006f7fffff] usable
2025-05-21T10:59:23.312126+00:00 mc-misc2002 kernel: [    0.000000] BIOS-e820: [mem 0x000000006f800000-0x000000008fffffff] reserved
2025-05-21T10:59:23.312126+00:00 mc-misc2002 kernel: [    0.000000] BIOS-e820: [mem 0x00000000fd000000-0x00000000fe7fffff] reserved
2025-05-21T10:59:23.312126+00:00 mc-misc2002 kernel: [    0.000000] BIOS-e820: [mem 0x00000000fed20000-0x00000000fed44fff] reserved
2025-05-21T10:59:23.312127+00:00 mc-misc2002 kernel: [    0.000000] BIOS-e820: [mem 0x00000000ff000000-0x00000000ffffffff] reserved
2025-05-21T10:59:23.312127+00:00 mc-misc2002 kernel: [    0.000000] BIOS-e820: [mem 0x0000000100000000-0x000000407fffffff] usable
2025-05-21T10:59:23.312131+00:00 mc-misc2002 kernel: [    0.000000] NX (Execute Disable) protection: active
2025-05-21T10:59:23.312132+00:00 mc-misc2002 kernel: [    0.000000] SMBIOS 3.3.0 present.
2025-05-21T10:59:23.312132+00:00 mc-misc2002 kernel: [    0.000000] DMI: Supermicro SYS-120C-TN10R/X12DDW-A6, BIOS 1.9 01/11/2024
2025-05-21T10:59:23.312133+00:00 mc-misc2002 kernel: [    0.000000] tsc: Detected 2100.000 MHz processor
2025-05-21T10:59:23.312134+00:00 mc-misc2002 kernel: [    0.035819] e820: update [mem 0x00000000-0x00000fff] usable ==> reserved
2025-05-21T10:59:23.312135+00:00 mc-misc2002 kernel: [    0.035916] e820: remove [mem 0x000a0000-0x000fffff] usable
2025-05-21T10:59:23.312138+00:00 mc-misc2002 kernel: [    0.036203] last_pfn = 0x4080000 max_arch_pfn = 0x10000000000
2025-05-21T10:59:23.312138+00:00 mc-misc2002 kernel: [    0.040350] x86/PAT: Configuration [0-7]: WB  WC  UC- UC  WB  WP  UC- WT  
2025-05-21T10:59:23.312153+00:00 mc-misc2002 kernel: [    0.064518] e820: update [mem 0x7f000000-0xffffffff] usable ==> reserved
2025-05-21T10:59:23.312154+00:00 mc-misc2002 kernel: [    0.064665] last_pfn = 0x6f800 max_arch_pfn = 0x10000000000
2025-05-21T10:59:23.312154+00:00 mc-misc2002 kernel: [    0.091726] Using GB pages for direct mapping
2025-05-21T10:59:23.312154+00:00 mc-misc2002 kernel: [    0.092037] RAMDISK: [mem 0x32d75000-0x356b1fff]
2025-05-21T10:59:23.312157+00:00 mc-misc2002 kernel: [    0.092043] ACPI: Early table checksum verification disabled
2025-05-21T10:59:23.312158+00:00 mc-misc2002 kernel: [    0.092048] ACPI: RSDP 0x00000000000F05B0 000024 (v02 SUPERM)
2025-05-21T10:59:23.312158+00:00 mc-misc2002 kernel: [    0.092054] ACPI: XSDT 0x0000000067AC4728 0000FC (v01 SUPERM SMCI--MB 01072009 AMI  01000013)
2025-05-21T10:59:23.312158+00:00 mc-misc2002 kernel: [    0.092062] ACPI: FACP 0x00000000678FC000 000114 (v06 SUPERM SMCI--MB 01072009 INTL 20091013)
2025-05-21T10:59:23.312159+00:00 mc-misc2002 kernel: [    0.092069] ACPI: DSDT 0x0000000067893000 067849 (v02 SUPERM SMCI--MB 01072009 INTL 20091013)
2025-05-21T10:59:23.312159+00:00 mc-misc2002 kernel: [    0.092074] ACPI: FACS 0x0000000067DFD000 000040
2025-05-21T10:59:23.312160+00:00 mc-misc2002 kernel: [    0.092077] ACPI: SPMI 0x00000000678FB000 000041 (v05 SUPERM SMCI--MB 00000000 AMI. 00000000)
2025-05-21T10:59:23.312162+00:00 mc-misc2002 kernel: [    0.092082] ACPI: FIDT 0x0000000067892000 00009C (v01 SUPERM SMCI--MB 01072009 AMI  00010013)
2025-05-21T10:59:23.312163+00:00 mc-misc2002 kernel: [    0.092085] ACPI: SSDT 0x00000000678FE000 000704 (v02 INTEL  RAS_ACPI 00000001 INTL 20200925)
2025-05-21T10:59:23.312163+00:00 mc-misc2002 kernel: [    0.092090] ACPI: EINJ 0x00000000678FD000 000150 (v01 SUPERM SMCI--MB 00000001 INTL 00000001)
2025-05-21T10:59:23.312164+00:00 mc-misc2002 kernel: [    0.092094] ACPI: ERST 0x0000000067891000 000230 (v01 SUPERM SMCI--MB 00000001 INTL 00000001)
2025-05-21T10:59:23.312166+00:00 mc-misc2002 kernel: [    0.092097] ACPI: BERT 0x0000000067890000 000030 (v01 SUPERM SMCI--MB 00000001 INTL 00000001)
2025-05-21T10:59:23.312166+00:00 mc-misc2002 kernel: [    0.092101] ACPI: SSDT 0x000000006788F000 000745 (v02 INTEL  ADDRXLAT 00000001 INTL 20200925)
2025-05-21T10:59:23.312169+00:00 mc-misc2002 kernel: [    0.092105] ACPI: MCFG 0x000000006788E000 00003C (v01 SUPERM SMCI--MB 01072009 MSFT 00000097)
2025-05-21T10:59:23.312169+00:00 mc-misc2002 kernel: [    0.092109] ACPI: BDAT 0x000000006788D000 000030 (v01 SUPERM SMCI--MB 00000000 INTL 20091013)
2025-05-21T10:59:23.312170+00:00 mc-misc2002 kernel: [    0.092113] ACPI: HMAT 0x000000006788C000 000180 (v01 SUPERM SMCI--MB 00000001 INTL 20091013)
2025-05-21T10:59:23.312178+00:00 mc-misc2002 kernel: [    0.092117] ACPI: HPET 0x000000006788B000 000038 (v01 SUPERM SMCI--MB 00000001 INTL 20091013)
2025-05-21T10:59:23.312179+00:00 mc-misc2002 kernel: [    0.092121] ACPI: MIGT 0x000000006788A000 000040 (v01 SUPERM SMCI--MB 00000000 INTL 20091013)
2025-05-21T10:59:23.312180+00:00 mc-misc2002 kernel: [    0.092124] ACPI: MSCT 0x0000000067889000 000090 (v01 SUPERM SMCI--MB 00000001 INTL 20091013)
2025-05-21T10:59:23.312180+00:00 mc-misc2002 kernel: [    0.092128] ACPI: WDDT 0x0000000067888000 000040 (v01 SUPERM SMCI--MB 00000000 INTL 20091013)
2025-05-21T10:59:23.312183+00:00 mc-misc2002 kernel: [    0.092132] ACPI: APIC 0x0000000067886000 0001DE (v04 SUPERM SMCI--MB 00000000 INTL 20091013)
2025-05-21T10:59:23.312184+00:00 mc-misc2002 kernel: [    0.092136] ACPI: SLIT 0x0000000067885000 000030 (v01 SUPERM SMCI--MB 00000001 AMI  01000013)
2025-05-21T10:59:23.312184+00:00 mc-misc2002 kernel: [    0.092140] ACPI: SRAT 0x000000006787E000 006430 (v03 SUPERM SMCI--MB 00000002 AMI  01000013)
2025-05-21T10:59:23.312185+00:00 mc-misc2002 kernel: [    0.092144] ACPI: OEM4 0x00000000676F6000 187A61 (v02 INTEL  CPU  CST 00003000 INTL 20200925)
2025-05-21T10:59:23.312187+00:00 mc-misc2002 kernel: [    0.092148] ACPI: OEM1 0x00000000675E2000 113489 (v02 INTEL  CPU EIST 00003000 INTL 20200925)
2025-05-21T10:59:23.312188+00:00 mc-misc2002 kernel: [    0.092152] ACPI: SSDT 0x000000006756B000 0764A5 (v02 INTEL  SSDT  PM 00004000 INTL 20200925)
2025-05-21T10:59:23.312190+00:00 mc-misc2002 kernel: [    0.092156] ACPI: HEST 0x0000000067569000 00013C (v01 SUPERM SMCI--MB 00000001 INTL 00000001)
2025-05-21T10:59:23.312192+00:00 mc-misc2002 kernel: [    0.092159] ACPI: DMAR 0x0000000067568000 0002F8 (v01 SUPERM SMCI--MB 00000001 INTL 20091013)
2025-05-21T10:59:23.312193+00:00 mc-misc2002 kernel: [    0.092163] ACPI: SSDT 0x0000000067560000 0078BA (v02 INTEL  SpsNm    00000002 INTL 20200925)
2025-05-21T10:59:23.312193+00:00 mc-misc2002 kernel: [    0.092167] ACPI: SSDT 0x000000006755E000 001744 (v01 SUPERM SMCCDN   00000000 INTL 20181221)
2025-05-21T10:59:23.312194+00:00 mc-misc2002 kernel: [    0.092171] ACPI: WSMT 0x0000000067887000 000028 (v01 SUPERM SMCI--MB 01072009 AMI  00010013)
2025-05-21T10:59:23.312194+00:00 mc-misc2002 kernel: [    0.092175] ACPI: SSDT 0x000000006756A000 0009B3 (v02 SUPERM SMCI--MB 00000000 INTL 20091013)
2025-05-21T10:59:23.312196+00:00 mc-misc2002 kernel: [    0.092178] ACPI: Reserving FACP table memory at [mem 0x678fc000-0x678fc113]
2025-05-21T10:59:23.312197+00:00 mc-misc2002 kernel: [    0.092180] ACPI: Reserving DSDT table memory at [mem 0x67893000-0x678fa848]
2025-05-21T10:59:23.312198+00:00 mc-misc2002 kernel: [    0.092181] ACPI: Reserving FACS table memory at [mem 0x67dfd000-0x67dfd03f]
2025-05-21T10:59:23.312199+00:00 mc-misc2002 kernel: [    0.092182] ACPI: Reserving SPMI table memory at [mem 0x678fb000-0x678fb040]
2025-05-21T10:59:23.312200+00:00 mc-misc2002 kernel: [    0.092183] ACPI: Reserving FIDT table memory at [mem 0x67892000-0x6789209b]
2025-05-21T10:59:23.312201+00:00 mc-misc2002 kernel: [    0.092184] ACPI: Reserving SSDT table memory at [mem 0x678fe000-0x678fe703]
2025-05-21T10:59:23.312201+00:00 mc-misc2002 kernel: [    0.092185] ACPI: Reserving EINJ table memory at [mem 0x678fd000-0x678fd14f]
2025-05-21T10:59:23.312328+00:00 mc-misc2002 kernel: [    0.092186] ACPI: Reserving ERST table memory at [mem 0x67891000-0x6789122f]
2025-05-21T10:59:23.312336+00:00 mc-misc2002 kernel: [    0.092187] ACPI: Reserving BERT table memory at [mem 0x67890000-0x6789002f]
2025-05-21T10:59:23.312337+00:00 mc-misc2002 kernel: [    0.092187] ACPI: Reserving SSDT table memory at [mem 0x6788f000-0x6788f744]
2025-05-21T10:59:23.312338+00:00 mc-misc2002 kernel: [    0.092188] ACPI: Reserving MCFG table memory at [mem 0x6788e000-0x6788e03b]
2025-05-21T10:59:23.312338+00:00 mc-misc2002 kernel: [    0.092189] ACPI: Reserving BDAT table memory at [mem 0x6788d000-0x6788d02f]
2025-05-21T10:59:23.312339+00:00 mc-misc2002 kernel: [    0.092190] ACPI: Reserving HMAT table memory at [mem 0x6788c000-0x6788c17f]
2025-05-21T10:59:23.312519+00:00 mc-misc2002 kernel: [    0.092191] ACPI: Reserving HPET table memory at [mem 0x6788b000-0x6788b037]
2025-05-21T10:59:23.312530+00:00 mc-misc2002 kernel: [    0.092192] ACPI: Reserving MIGT table memory at [mem 0x6788a000-0x6788a03f]
2025-05-21T10:59:23.312531+00:00 mc-misc2002 kernel: [    0.092193] ACPI: Reserving MSCT table memory at [mem 0x67889000-0x6788908f]
2025-05-21T10:59:23.312532+00:00 mc-misc2002 kernel: [    0.092194] ACPI: Reserving WDDT table memory at [mem 0x67888000-0x6788803f]
2025-05-21T10:59:23.312532+00:00 mc-misc2002 kernel: [    0.092195] ACPI: Reserving APIC table memory at [mem 0x67886000-0x678861dd]
2025-05-21T10:59:23.312533+00:00 mc-misc2002 kernel: [    0.092196] ACPI: Reserving SLIT table memory at [mem 0x67885000-0x6788502f]
2025-05-21T10:59:23.312533+00:00 mc-misc2002 kernel: [    0.092197] ACPI: Reserving SRAT table memory at [mem 0x6787e000-0x6788442f]
2025-05-21T10:59:23.312537+00:00 mc-misc2002 kernel: [    0.092198] ACPI: Reserving OEM4 table memory at [mem 0x676f6000-0x6787da60]
2025-05-21T10:59:23.312539+00:00 mc-misc2002 kernel: [    0.092199] ACPI: Reserving OEM1 table memory at [mem 0x675e2000-0x676f5488]
2025-05-21T10:59:23.312539+00:00 mc-misc2002 kernel: [    0.092200] ACPI: Reserving SSDT table memory at [mem 0x6756b000-0x675e14a4]
2025-05-21T10:59:23.312540+00:00 mc-misc2002 kernel: [    0.092201] ACPI: Reserving HEST table memory at [mem 0x67569000-0x6756913b]
2025-05-21T10:59:23.312541+00:00 mc-misc2002 kernel: [    0.092202] ACPI: Reserving DMAR table memory at [mem 0x67568000-0x675682f7]
2025-05-21T10:59:23.312541+00:00 mc-misc2002 kernel: [    0.092203] ACPI: Reserving SSDT table memory at [mem 0x67560000-0x675678b9]
2025-05-21T10:59:23.312547+00:00 mc-misc2002 kernel: [    0.092204] ACPI: Reserving SSDT table memory at [mem 0x6755e000-0x6755f743]
2025-05-21T10:59:23.312547+00:00 mc-misc2002 kernel: [    0.092205] ACPI: Reserving WSMT table memory at [mem 0x67887000-0x67887027]
2025-05-21T10:59:23.312548+00:00 mc-misc2002 kernel: [    0.092206] ACPI: Reserving SSDT table memory at [mem 0x6756a000-0x6756a9b2]
2025-05-21T10:59:23.312550+00:00 mc-misc2002 kernel: [    0.092245] SRAT: PXM 0 -> APIC 0x00 -> Node 0
2025-05-21T10:59:23.312550+00:00 mc-misc2002 kernel: [    0.092247] SRAT: PXM 0 -> APIC 0x01 -> Node 0
2025-05-21T10:59:23.312551+00:00 mc-misc2002 kernel: [    0.092248] SRAT: PXM 0 -> APIC 0x02 -> Node 0
2025-05-21T10:59:23.312585+00:00 mc-misc2002 kernel: [    0.092249] SRAT: PXM 0 -> APIC 0x03 -> Node 0
2025-05-21T10:59:23.312588+00:00 mc-misc2002 kernel: [    0.092249] SRAT: PXM 0 -> APIC 0x04 -> Node 0
2025-05-21T10:59:23.312588+00:00 mc-misc2002 kernel: [    0.092250] SRAT: PXM 0 -> APIC 0x05 -> Node 0
2025-05-21T10:59:23.312589+00:00 mc-misc2002 kernel: [    0.092251] SRAT: PXM 0 -> APIC 0x06 -> Node 0
2025-05-21T10:59:23.312589+00:00 mc-misc2002 kernel: [    0.092252] SRAT: PXM 0 -> APIC 0x07 -> Node 0
2025-05-21T10:59:23.312589+00:00 mc-misc2002 kernel: [    0.092253] SRAT: PXM 0 -> APIC 0x08 -> Node 0
2025-05-21T10:59:23.312590+00:00 mc-misc2002 kernel: [    0.092253] SRAT: PXM 0 -> APIC 0x09 -> Node 0
2025-05-21T10:59:23.312774+00:00 mc-misc2002 kernel: [    0.092254] SRAT: PXM 0 -> APIC 0x0a -> Node 0
2025-05-21T10:59:23.312785+00:00 mc-misc2002 kernel: [    0.092255] SRAT: PXM 0 -> APIC 0x0b -> Node 0
2025-05-21T10:59:23.312786+00:00 mc-misc2002 kernel: [    0.092256] SRAT: PXM 0 -> APIC 0x0c -> Node 0
2025-05-21T10:59:23.312787+00:00 mc-misc2002 kernel: [    0.092256] SRAT: PXM 0 -> APIC 0x0d -> Node 0
2025-05-21T10:59:23.312787+00:00 mc-misc2002 kernel: [    0.092257] SRAT: PXM 0 -> APIC 0x0e -> Node 0
2025-05-21T10:59:23.312788+00:00 mc-misc2002 kernel: [    0.092258] SRAT: PXM 0 -> APIC 0x0f -> Node 0
2025-05-21T10:59:23.312791+00:00 mc-misc2002 kernel: [    0.092259] SRAT: PXM 0 -> APIC 0x10 -> Node 0
2025-05-21T10:59:23.312792+00:00 mc-misc2002 kernel: [    0.092260] SRAT: PXM 0 -> APIC 0x11 -> Node 0
2025-05-21T10:59:23.312792+00:00 mc-misc2002 kernel: [    0.092260] SRAT: PXM 0 -> APIC 0x12 -> Node 0
2025-05-21T10:59:23.312793+00:00 mc-misc2002 kernel: [    0.092261] SRAT: PXM 0 -> APIC 0x13 -> Node 0
2025-05-21T10:59:23.312793+00:00 mc-misc2002 kernel: [    0.092262] SRAT: PXM 0 -> APIC 0x14 -> Node 0
2025-05-21T10:59:23.312794+00:00 mc-misc2002 kernel: [    0.092263] SRAT: PXM 0 -> APIC 0x15 -> Node 0
2025-05-21T10:59:23.312794+00:00 mc-misc2002 kernel: [    0.092263] SRAT: PXM 0 -> APIC 0x16 -> Node 0
2025-05-21T10:59:23.312797+00:00 mc-misc2002 kernel: [    0.092264] SRAT: PXM 0 -> APIC 0x17 -> Node 0
2025-05-21T10:59:23.312799+00:00 mc-misc2002 kernel: [    0.092265] SRAT: PXM 1 -> APIC 0x40 -> Node 1
2025-05-21T10:59:23.312815+00:00 mc-misc2002 kernel: [    0.092266] SRAT: PXM 1 -> APIC 0x41 -> Node 1
2025-05-21T10:59:23.312815+00:00 mc-misc2002 kernel: [    0.092267] SRAT: PXM 1 -> APIC 0x42 -> Node 1
2025-05-21T10:59:23.312816+00:00 mc-misc2002 kernel: [    0.092267] SRAT: PXM 1 -> APIC 0x43 -> Node 1
2025-05-21T10:59:23.312816+00:00 mc-misc2002 kernel: [    0.092268] SRAT: PXM 1 -> APIC 0x44 -> Node 1
2025-05-21T10:59:23.312819+00:00 mc-misc2002 kernel: [    0.092269] SRAT: PXM 1 -> APIC 0x45 -> Node 1
2025-05-21T10:59:23.312820+00:00 mc-misc2002 kernel: [    0.092270] SRAT: PXM 1 -> APIC 0x46 -> Node 1
2025-05-21T10:59:23.312820+00:00 mc-misc2002 kernel: [    0.092270] SRAT: PXM 1 -> APIC 0x47 -> Node 1
2025-05-21T10:59:23.312821+00:00 mc-misc2002 kernel: [    0.092271] SRAT: PXM 1 -> APIC 0x48 -> Node 1
2025-05-21T10:59:23.312821+00:00 mc-misc2002 kernel: [    0.092272] SRAT: PXM 1 -> APIC 0x49 -> Node 1
2025-05-21T10:59:23.312821+00:00 mc-misc2002 kernel: [    0.092273] SRAT: PXM 1 -> APIC 0x4a -> Node 1
2025-05-21T10:59:23.312824+00:00 mc-misc2002 kernel: [    0.092274] SRAT: PXM 1 -> APIC 0x4b -> Node 1
2025-05-21T10:59:23.312825+00:00 mc-misc2002 kernel: [    0.092275] SRAT: PXM 1 -> APIC 0x4c -> Node 1
2025-05-21T10:59:23.312825+00:00 mc-misc2002 kernel: [    0.092276] SRAT: PXM 1 -> APIC 0x4d -> Node 1
2025-05-21T10:59:23.312825+00:00 mc-misc2002 kernel: [    0.092276] SRAT: PXM 1 -> APIC 0x4e -> Node 1
2025-05-21T10:59:23.312826+00:00 mc-misc2002 kernel: [    0.092277] SRAT: PXM 1 -> APIC 0x4f -> Node 1
2025-05-21T10:59:23.312826+00:00 mc-misc2002 kernel: [    0.092278] SRAT: PXM 1 -> APIC 0x50 -> Node 1
2025-05-21T10:59:23.312827+00:00 mc-misc2002 kernel: [    0.092279] SRAT: PXM 1 -> APIC 0x51 -> Node 1
2025-05-21T10:59:23.312829+00:00 mc-misc2002 kernel: [    0.092280] SRAT: PXM 1 -> APIC 0x52 -> Node 1
2025-05-21T10:59:23.312830+00:00 mc-misc2002 kernel: [    0.092281] SRAT: PXM 1 -> APIC 0x53 -> Node 1
2025-05-21T10:59:23.312830+00:00 mc-misc2002 kernel: [    0.092281] SRAT: PXM 1 -> APIC 0x54 -> Node 1
2025-05-21T10:59:23.312831+00:00 mc-misc2002 kernel: [    0.092282] SRAT: PXM 1 -> APIC 0x55 -> Node 1
2025-05-21T10:59:23.312831+00:00 mc-misc2002 kernel: [    0.092283] SRAT: PXM 1 -> APIC 0x56 -> Node 1
2025-05-21T10:59:23.312831+00:00 mc-misc2002 kernel: [    0.092284] SRAT: PXM 1 -> APIC 0x57 -> Node 1
2025-05-21T10:59:23.312842+00:00 mc-misc2002 kernel: [    0.092336] ACPI: SRAT: Node 0 PXM 0 [mem 0x00000000-0x7fffffff]
2025-05-21T10:59:23.312854+00:00 mc-misc2002 kernel: [    0.092338] ACPI: SRAT: Node 0 PXM 0 [mem 0x100000000-0x207fffffff]
2025-05-21T10:59:23.312855+00:00 mc-misc2002 kernel: [    0.092340] ACPI: SRAT: Node 1 PXM 1 [mem 0x2080000000-0x407fffffff]
2025-05-21T10:59:23.312855+00:00 mc-misc2002 kernel: [    0.092354] NUMA: Initialized distance table, cnt=2
2025-05-21T10:59:23.312856+00:00 mc-misc2002 kernel: [    0.092358] NUMA: Node 0 [mem 0x00000000-0x7fffffff] + [mem 0x100000000-0x207fffffff] -> [mem 0x00000000-0x207fffffff]
2025-05-21T10:59:23.312856+00:00 mc-misc2002 kernel: [    0.092371] NODE_DATA(0) allocated [mem 0x207ffd5000-0x207fffffff]
2025-05-21T10:59:23.312859+00:00 mc-misc2002 kernel: [    0.092389] NODE_DATA(1) allocated [mem 0x407ffd4000-0x407fffefff]
2025-05-21T10:59:23.312860+00:00 mc-misc2002 kernel: [    0.093177] Zone ranges:
2025-05-21T10:59:23.312860+00:00 mc-misc2002 kernel: [    0.093178]   DMA      [mem 0x0000000000001000-0x0000000000ffffff]
2025-05-21T10:59:23.312860+00:00 mc-misc2002 kernel: [    0.093180]   DMA32    [mem 0x0000000001000000-0x00000000ffffffff]
2025-05-21T10:59:23.312861+00:00 mc-misc2002 kernel: [    0.093182]   Normal   [mem 0x0000000100000000-0x000000407fffffff]
2025-05-21T10:59:23.312866+00:00 mc-misc2002 kernel: [    0.093184]   Device   empty
2025-05-21T10:59:23.312867+00:00 mc-misc2002 kernel: [    0.093185] Movable zone start for each node
2025-05-21T10:59:23.312893+00:00 mc-misc2002 kernel: [    0.093190] Early memory node ranges
2025-05-21T10:59:23.312894+00:00 mc-misc2002 kernel: [    0.093190]   node   0: [mem 0x0000000000001000-0x0000000000097fff]
2025-05-21T10:59:23.312894+00:00 mc-misc2002 kernel: [    0.093192]   node   0: [mem 0x0000000000100000-0x00000000645fefff]
2025-05-21T10:59:23.312900+00:00 mc-misc2002 kernel: [    0.093194]   node   0: [mem 0x000000006c1ff000-0x000000006f7fffff]
2025-05-21T10:59:23.312900+00:00 mc-misc2002 kernel: [    0.093195]   node   0: [mem 0x0000000100000000-0x000000207fffffff]
2025-05-21T10:59:23.312902+00:00 mc-misc2002 kernel: [    0.093209]   node   1: [mem 0x0000002080000000-0x000000407fffffff]
2025-05-21T10:59:23.312905+00:00 mc-misc2002 kernel: [    0.093224] Initmem setup node 0 [mem 0x0000000000001000-0x000000207fffffff]
2025-05-21T10:59:23.312905+00:00 mc-misc2002 kernel: [    0.093228] Initmem setup node 1 [mem 0x0000002080000000-0x000000407fffffff]
2025-05-21T10:59:23.312906+00:00 mc-misc2002 kernel: [    0.093233] On node 0, zone DMA: 1 pages in unavailable ranges
2025-05-21T10:59:23.312908+00:00 mc-misc2002 kernel: [    0.093271] On node 0, zone DMA: 104 pages in unavailable ranges
2025-05-21T10:59:23.312909+00:00 mc-misc2002 kernel: [    0.097511] On node 0, zone DMA32: 31744 pages in unavailable ranges
2025-05-21T10:59:23.312909+00:00 mc-misc2002 kernel: [    0.097873] On node 0, zone Normal: 2048 pages in unavailable ranges
2025-05-21T10:59:23.312910+00:00 mc-misc2002 kernel: [    0.098365] ACPI: PM-Timer IO Port: 0x508
2025-05-21T10:59:23.312914+00:00 mc-misc2002 kernel: [    0.098380] ACPI: X2APIC_NMI (uid[0xffffffff] high edge lint[0x1])
2025-05-21T10:59:23.312915+00:00 mc-misc2002 kernel: [    0.098384] ACPI: LAPIC_NMI (acpi_id[0xff] high edge lint[0x1])
2025-05-21T10:59:23.312915+00:00 mc-misc2002 kernel: [    0.098402] IOAPIC[0]: apic_id 8, version 32, address 0xfec00000, GSI 0-119
2025-05-21T10:59:23.312916+00:00 mc-misc2002 kernel: [    0.098406] ACPI: INT_SRC_OVR (bus 0 bus_irq 0 global_irq 2 dfl dfl)
2025-05-21T10:59:23.312922+00:00 mc-misc2002 kernel: [    0.098409] ACPI: INT_SRC_OVR (bus 0 bus_irq 9 global_irq 9 high level)
2025-05-21T10:59:23.312923+00:00 mc-misc2002 kernel: [    0.098415] ACPI: Using ACPI (MADT) for SMP configuration information
2025-05-21T10:59:23.312925+00:00 mc-misc2002 kernel: [    0.098416] ACPI: HPET id: 0x8086a701 base: 0xfed00000
2025-05-21T10:59:23.312926+00:00 mc-misc2002 kernel: [    0.098422] TSC deadline timer available
2025-05-21T10:59:23.312926+00:00 mc-misc2002 kernel: [    0.098424] smpboot: Allowing 48 CPUs, 0 hotplug CPUs
2025-05-21T10:59:23.312927+00:00 mc-misc2002 kernel: [    0.098443] PM: hibernation: Registered nosave memory: [mem 0x00000000-0x00000fff]
2025-05-21T10:59:23.312927+00:00 mc-misc2002 kernel: [    0.098446] PM: hibernation: Registered nosave memory: [mem 0x00098000-0x000fffff]
2025-05-21T10:59:23.312928+00:00 mc-misc2002 kernel: [    0.098448] PM: hibernation: Registered nosave memory: [mem 0x645ff000-0x6c1fefff]
2025-05-21T10:59:23.312930+00:00 mc-misc2002 kernel: [    0.098450] PM: hibernation: Registered nosave memory: [mem 0x6f800000-0xffffffff]
2025-05-21T10:59:23.312931+00:00 mc-misc2002 kernel: [    0.098452] [mem 0x90000000-0xfcffffff] available for PCI devices
2025-05-21T10:59:23.312936+00:00 mc-misc2002 kernel: [    0.098454] Booting paravirtualized kernel on bare hardware
2025-05-21T10:59:23.312943+00:00 mc-misc2002 kernel: [    0.098457] clocksource: refined-jiffies: mask: 0xffffffff max_cycles: 0xffffffff, max_idle_ns: 7645519600211568 ns
2025-05-21T10:59:23.312950+00:00 mc-misc2002 kernel: [    0.104857] setup_percpu: NR_CPUS:8192 nr_cpumask_bits:48 nr_cpu_ids:48 nr_node_ids:2
2025-05-21T10:59:23.312956+00:00 mc-misc2002 kernel: [    0.106947] percpu: Embedded 61 pages/cpu s212992 r8192 d28672 u262144
2025-05-21T10:59:23.312957+00:00 mc-misc2002 kernel: [    0.106957] pcpu-alloc: s212992 r8192 d28672 u262144 alloc=1*2097152
2025-05-21T10:59:23.312959+00:00 mc-misc2002 kernel: [    0.106960] pcpu-alloc: [0] 00 01 02 03 04 05 06 07 [0] 08 09 10 11 24 25 26 27 
2025-05-21T10:59:23.312966+00:00 mc-misc2002 kernel: [    0.106971] pcpu-alloc: [0] 28 29 30 31 32 33 34 35 [1] 12 13 14 15 16 17 18 19 
2025-05-21T10:59:23.312967+00:00 mc-misc2002 kernel: [    0.106981] pcpu-alloc: [1] 20 21 22 23 36 37 38 39 [1] 40 41 42 43 44 45 46 47 
2025-05-21T10:59:23.312967+00:00 mc-misc2002 kernel: [    0.107027] Fallback order for Node 0: 0 1 
2025-05-21T10:59:23.312968+00:00 mc-misc2002 kernel: [    0.107030] Fallback order for Node 1: 1 0 
2025-05-21T10:59:23.312968+00:00 mc-misc2002 kernel: [    0.107035] Built 2 zonelists, mobility grouping on.  Total pages: 65962256
2025-05-21T10:59:23.313008+00:00 mc-misc2002 kernel: [    0.107037] Policy zone: Normal
2025-05-21T10:59:23.313008+00:00 mc-misc2002 kernel: [    0.107039] Kernel command line: BOOT_IMAGE=/boot/vmlinuz-6.1.0-34-amd64 root=/dev/mapper/vg0-root ro console=ttyS1,115200n8 raid0.default_layout=2 elevator=deadline
2025-05-21T10:59:23.313009+00:00 mc-misc2002 kernel: [    0.107121] Kernel parameter elevator= does not have any effect anymore.
2025-05-21T10:59:23.313019+00:00 mc-misc2002 kernel: [    0.107121] Please use sysfs to set IO scheduler for individual devices.
2025-05-21T10:59:23.313020+00:00 mc-misc2002 kernel: [    0.107125] Unknown kernel command line parameters "BOOT_IMAGE=/boot/vmlinuz-6.1.0-34-amd64", will be passed to user space.
2025-05-21T10:59:23.313021+00:00 mc-misc2002 kernel: [    0.107136] random: crng init done
2025-05-21T10:59:23.313031+00:00 mc-misc2002 kernel: [    0.107138] printk: log_buf_len individual max cpu contribution: 4096 bytes
2025-05-21T10:59:23.313032+00:00 mc-misc2002 kernel: [    0.107139] printk: log_buf_len total cpu_extra contributions: 192512 bytes
2025-05-21T10:59:23.313033+00:00 mc-misc2002 kernel: [    0.107140] printk: log_buf_len min size: 131072 bytes
2025-05-21T10:59:23.313033+00:00 mc-misc2002 kernel: [    0.107594] printk: log_buf_len: 524288 bytes
2025-05-21T10:59:23.313034+00:00 mc-misc2002 kernel: [    0.107595] printk: early log buf free: 117400(89%)
2025-05-21T10:59:23.313034+00:00 mc-misc2002 kernel: [    0.108403] mem auto-init: stack:all(zero), heap alloc:on, heap free:off
2025-05-21T10:59:23.313048+00:00 mc-misc2002 kernel: [    0.108427] software IO TLB: area num 64.
2025-05-21T10:59:23.313049+00:00 mc-misc2002 kernel: [    0.234438] Memory: 1852992K/268037724K available (14342K kernel code, 2339K rwdata, 9092K rodata, 2800K init, 17380K bss, 4369320K reserved, 0K cma-reserved)
2025-05-21T10:59:23.313050+00:00 mc-misc2002 kernel: [    0.234772] SLUB: HWalign=64, Order=0-3, MinObjects=0, CPUs=48, Nodes=2
2025-05-21T10:59:23.313052+00:00 mc-misc2002 kernel: [    0.234809] ftrace: allocating 40336 entries in 158 pages
2025-05-21T10:59:23.313053+00:00 mc-misc2002 kernel: [    0.244238] ftrace: allocated 158 pages with 5 groups
2025-05-21T10:59:23.313053+00:00 mc-misc2002 kernel: [    0.245269] Dynamic Preempt: voluntary
2025-05-21T10:59:23.313057+00:00 mc-misc2002 kernel: [    0.245419] rcu: Preemptible hierarchical RCU implementation.
2025-05-21T10:59:23.313059+00:00 mc-misc2002 kernel: [    0.245420] rcu: 	RCU restricting CPUs from NR_CPUS=8192 to nr_cpu_ids=48.
2025-05-21T10:59:23.313060+00:00 mc-misc2002 kernel: [    0.245422] 	Trampoline variant of Tasks RCU enabled.
2025-05-21T10:59:23.313061+00:00 mc-misc2002 kernel: [    0.245423] 	Rude variant of Tasks RCU enabled.
2025-05-21T10:59:23.313061+00:00 mc-misc2002 kernel: [    0.245423] 	Tracing variant of Tasks RCU enabled.
2025-05-21T10:59:23.313062+00:00 mc-misc2002 kernel: [    0.245425] rcu: RCU calculated value of scheduler-enlistment delay is 25 jiffies.
2025-05-21T10:59:23.313062+00:00 mc-misc2002 kernel: [    0.245426] rcu: Adjusting geometry for rcu_fanout_leaf=16, nr_cpu_ids=48
2025-05-21T10:59:23.313075+00:00 mc-misc2002 kernel: [    0.251157] NR_IRQS: 524544, nr_irqs: 2440, preallocated irqs: 16
2025-05-21T10:59:23.313076+00:00 mc-misc2002 kernel: [    0.251401] rcu: srcu_init: Setting srcu_struct sizes based on contention.
2025-05-21T10:59:23.313076+00:00 mc-misc2002 kernel: [    0.252039] Console: colour dummy device 80x25
2025-05-21T10:59:23.313077+00:00 mc-misc2002 kernel: [    1.761591] printk: console [ttyS1] enabled
2025-05-21T10:59:23.313077+00:00 mc-misc2002 kernel: [    1.766337] mempolicy: Enabling automatic NUMA balancing. Configure with numa_balancing= or the kernel.numa_balancing sysctl
2025-05-21T10:59:23.313078+00:00 mc-misc2002 kernel: [    1.778932] ACPI: Core revision 20220331
2025-05-21T10:59:23.313082+00:00 mc-misc2002 kernel: [    1.786151] clocksource: hpet: mask: 0xffffffff max_cycles: 0xffffffff, max_idle_ns: 79635855245 ns
2025-05-21T10:59:23.313083+00:00 mc-misc2002 kernel: [    1.796355] APIC: Switch to symmetric I/O mode setup
2025-05-21T10:59:23.313083+00:00 mc-misc2002 kernel: [    1.801944] DMAR: Host address width 46
2025-05-21T10:59:23.313084+00:00 mc-misc2002 kernel: [    1.806261] DMAR: DRHD base: 0x000000d0ffc000 flags: 0x0
2025-05-21T10:59:23.313084+00:00 mc-misc2002 kernel: [    1.812241] DMAR: dmar0: reg_base_addr d0ffc000 ver 4:0 cap 8ed008c40780466 ecap 60000f050df
2025-05-21T10:59:23.313085+00:00 mc-misc2002 kernel: [    1.821726] DMAR: DRHD base: 0x000000dbbfc000 flags: 0x0
2025-05-21T10:59:23.313089+00:00 mc-misc2002 kernel: [    1.827705] DMAR: dmar1: reg_base_addr dbbfc000 ver 4:0 cap 8ed008c40780466 ecap 60000f050df
2025-05-21T10:59:23.313090+00:00 mc-misc2002 kernel: [    1.837190] DMAR: DRHD base: 0x000000e67fc000 flags: 0x0
2025-05-21T10:59:23.313090+00:00 mc-misc2002 kernel: [    1.843168] DMAR: dmar2: reg_base_addr e67fc000 ver 4:0 cap 8ed008c40780466 ecap 60000f050df
2025-05-21T10:59:23.313091+00:00 mc-misc2002 kernel: [    1.852652] DMAR: DRHD base: 0x000000f13fc000 flags: 0x0
2025-05-21T10:59:23.313091+00:00 mc-misc2002 kernel: [    1.858634] DMAR: dmar3: reg_base_addr f13fc000 ver 4:0 cap 8ed008c40780466 ecap 60000f050df
2025-05-21T10:59:23.313091+00:00 mc-misc2002 kernel: [    1.868120] DMAR: DRHD base: 0x000000fb7fc000 flags: 0x0
2025-05-21T10:59:23.313092+00:00 mc-misc2002 kernel: [    1.874097] DMAR: dmar4: reg_base_addr fb7fc000 ver 4:0 cap 8ed008c40780466 ecap 60000f050df
2025-05-21T10:59:23.313097+00:00 mc-misc2002 kernel: [    1.883583] DMAR: DRHD base: 0x000000a63fc000 flags: 0x0
2025-05-21T10:59:23.313101+00:00 mc-misc2002 kernel: [    1.889559] DMAR: dmar5: reg_base_addr a63fc000 ver 4:0 cap 8ed008c40780466 ecap 60000f050df
2025-05-21T10:59:23.313101+00:00 mc-misc2002 kernel: [    1.899044] DMAR: DRHD base: 0x000000b0ffc000 flags: 0x0
2025-05-21T10:59:23.313102+00:00 mc-misc2002 kernel: [    1.905021] DMAR: dmar6: reg_base_addr b0ffc000 ver 4:0 cap 8ed008c40780466 ecap 60000f050df
2025-05-21T10:59:23.313102+00:00 mc-misc2002 kernel: [    1.914506] DMAR: DRHD base: 0x000000bbbfc000 flags: 0x0
2025-05-21T10:59:23.313102+00:00 mc-misc2002 kernel: [    1.920483] DMAR: dmar7: reg_base_addr bbbfc000 ver 4:0 cap 8ed008c40780466 ecap 60000f050df
2025-05-21T10:59:23.313107+00:00 mc-misc2002 kernel: [    1.929968] DMAR: DRHD base: 0x000000c5ffc000 flags: 0x0
2025-05-21T10:59:23.313109+00:00 mc-misc2002 kernel: [    1.935945] DMAR: dmar8: reg_base_addr c5ffc000 ver 4:0 cap 8ed008c40780466 ecap 60000f050df
2025-05-21T10:59:23.313110+00:00 mc-misc2002 kernel: [    1.945431] DMAR: DRHD base: 0x0000009b7fc000 flags: 0x1
2025-05-21T10:59:23.313111+00:00 mc-misc2002 kernel: [    1.951409] DMAR: dmar9: reg_base_addr 9b7fc000 ver 4:0 cap 8ed008c40780466 ecap 60000f050df
2025-05-21T10:59:23.313111+00:00 mc-misc2002 kernel: [    1.960894] DMAR: RMRR base: 0x0000006b985000 end: 0x0000006b9a8fff
2025-05-21T10:59:23.313112+00:00 mc-misc2002 kernel: [    1.967943] DMAR: RMRR base: 0x0000006a3d8000 end: 0x0000006a621fff
2025-05-21T10:59:23.313117+00:00 mc-misc2002 kernel: [    1.974991] DMAR: ATSR flags: 0x0
2025-05-21T10:59:23.313119+00:00 mc-misc2002 kernel: [    1.978723] DMAR: ATSR flags: 0x0
2025-05-21T10:59:23.313119+00:00 mc-misc2002 kernel: [    1.982456] DMAR: RHSA base: 0x0000009b7fc000 proximity domain: 0x0
2025-05-21T10:59:23.313120+00:00 mc-misc2002 kernel: [    1.989503] DMAR: RHSA base: 0x000000a63fc000 proximity domain: 0x0
2025-05-21T10:59:23.313120+00:00 mc-misc2002 kernel: [    1.996550] DMAR: RHSA base: 0x000000b0ffc000 proximity domain: 0x0
2025-05-21T10:59:23.313121+00:00 mc-misc2002 kernel: [    2.003597] DMAR: RHSA base: 0x000000bbbfc000 proximity domain: 0x0
2025-05-21T10:59:23.313121+00:00 mc-misc2002 kernel: [    2.010643] DMAR: RHSA base: 0x000000c5ffc000 proximity domain: 0x0
2025-05-21T10:59:23.313126+00:00 mc-misc2002 kernel: [    2.017691] DMAR: RHSA base: 0x000000d0ffc000 proximity domain: 0x1
2025-05-21T10:59:23.313127+00:00 mc-misc2002 kernel: [    2.024738] DMAR: RHSA base: 0x000000dbbfc000 proximity domain: 0x1
2025-05-21T10:59:23.313128+00:00 mc-misc2002 kernel: [    2.031785] DMAR: RHSA base: 0x000000e67fc000 proximity domain: 0x1
2025-05-21T10:59:23.313128+00:00 mc-misc2002 kernel: [    2.038831] DMAR: RHSA base: 0x000000f13fc000 proximity domain: 0x1
2025-05-21T10:59:23.313129+00:00 mc-misc2002 kernel: [    2.045878] DMAR: RHSA base: 0x000000fb7fc000 proximity domain: 0x1
2025-05-21T10:59:23.313130+00:00 mc-misc2002 kernel: [    2.052929] DMAR-IR: IOAPIC id 8 under DRHD base  0x9b7fc000 IOMMU 9
2025-05-21T10:59:23.313136+00:00 mc-misc2002 kernel: [    2.060074] DMAR-IR: HPET id 0 under DRHD base 0x9b7fc000
2025-05-21T10:59:23.313137+00:00 mc-misc2002 kernel: [    2.066148] DMAR-IR: Queued invalidation will be enabled to support x2apic and Intr-remapping.
2025-05-21T10:59:23.313138+00:00 mc-misc2002 kernel: [    2.078908] DMAR-IR: Enabled IRQ remapping in x2apic mode
2025-05-21T10:59:23.313140+00:00 mc-misc2002 kernel: [    2.084970] x2apic enabled
2025-05-21T10:59:23.313140+00:00 mc-misc2002 kernel: [    2.088033] Switched APIC routing to cluster x2apic.
2025-05-21T10:59:23.313141+00:00 mc-misc2002 kernel: [    2.096243] ..TIMER: vector=0x30 apic1=0 pin1=2 apic2=-1 pin2=-1
2025-05-21T10:59:23.313141+00:00 mc-misc2002 kernel: [    2.120331] clocksource: tsc-early: mask: 0xffffffffffffffff max_cycles: 0x1e4530a99b6, max_idle_ns: 440795257976 ns
2025-05-21T10:59:23.313146+00:00 mc-misc2002 kernel: [    2.132150] Calibrating delay loop (skipped), value calculated using timer frequency.. 4200.00 BogoMIPS (lpj=8400000)
2025-05-21T10:59:23.313146+00:00 mc-misc2002 kernel: [    2.136182] x86/cpu: VMX (outside TXT) disabled by BIOS
2025-05-21T10:59:23.313147+00:00 mc-misc2002 kernel: [    2.140148] x86/cpu: SGX disabled by BIOS.
2025-05-21T10:59:23.313147+00:00 mc-misc2002 kernel: [    2.144157] CPU0: Thermal monitoring enabled (TM1)
2025-05-21T10:59:23.313148+00:00 mc-misc2002 kernel: [    2.148149] x86/cpu: User Mode Instruction Prevention (UMIP) activated
2025-05-21T10:59:23.313148+00:00 mc-misc2002 kernel: [    2.152508] process: using mwait in idle threads
2025-05-21T10:59:23.313155+00:00 mc-misc2002 kernel: [    2.156150] Last level iTLB entries: 4KB 0, 2MB 0, 4MB 0
2025-05-21T10:59:23.313156+00:00 mc-misc2002 kernel: [    2.160148] Last level dTLB entries: 4KB 0, 2MB 0, 4MB 0, 1GB 0
2025-05-21T10:59:23.313156+00:00 mc-misc2002 kernel: [    2.164153] Spectre V1 : Mitigation: usercopy/swapgs barriers and __user pointer sanitization
2025-05-21T10:59:23.313157+00:00 mc-misc2002 kernel: [    2.168149] Spectre V2 : Spectre BHI mitigation: SW BHB clearing on vm exit
2025-05-21T10:59:23.313157+00:00 mc-misc2002 kernel: [    2.172147] Spectre V2 : Spectre BHI mitigation: SW BHB clearing on syscall
2025-05-21T10:59:23.313157+00:00 mc-misc2002 kernel: [    2.176148] Spectre V2 : Mitigation: Enhanced / Automatic IBRS
2025-05-21T10:59:23.313164+00:00 mc-misc2002 kernel: [    2.180148] Spectre V2 : Spectre v2 / SpectreRSB mitigation: Filling RSB on context switch
2025-05-21T10:59:23.313166+00:00 mc-misc2002 kernel: [    2.184147] Spectre V2 : Spectre v2 / PBRSB-eIBRS: Retire a single CALL on VMEXIT
2025-05-21T10:59:23.313168+00:00 mc-misc2002 kernel: [    2.188149] Spectre V2 : mitigation: Enabling conditional Indirect Branch Prediction Barrier
2025-05-21T10:59:23.313168+00:00 mc-misc2002 kernel: [    2.192148] Speculative Store Bypass: Mitigation: Speculative Store Bypass disabled via prctl
2025-05-21T10:59:23.313169+00:00 mc-misc2002 kernel: [    2.196151] MMIO Stale Data: Mitigation: Clear CPU buffers
2025-05-21T10:59:23.313169+00:00 mc-misc2002 kernel: [    2.200149] GDS: Mitigation: Microcode
2025-05-21T10:59:23.313175+00:00 mc-misc2002 kernel: [    2.204157] x86/fpu: Supporting XSAVE feature 0x001: 'x87 floating point registers'
2025-05-21T10:59:23.313176+00:00 mc-misc2002 kernel: [    2.208148] x86/fpu: Supporting XSAVE feature 0x002: 'SSE registers'
2025-05-21T10:59:23.313176+00:00 mc-misc2002 kernel: [    2.212147] x86/fpu: Supporting XSAVE feature 0x004: 'AVX registers'
2025-05-21T10:59:23.313177+00:00 mc-misc2002 kernel: [    2.216148] x86/fpu: Supporting XSAVE feature 0x020: 'AVX-512 opmask'
2025-05-21T10:59:23.313183+00:00 mc-misc2002 kernel: [    2.220148] x86/fpu: Supporting XSAVE feature 0x040: 'AVX-512 Hi256'
2025-05-21T10:59:23.313184+00:00 mc-misc2002 kernel: [    2.224148] x86/fpu: Supporting XSAVE feature 0x080: 'AVX-512 ZMM_Hi256'
2025-05-21T10:59:23.313184+00:00 mc-misc2002 kernel: [    2.228148] x86/fpu: Supporting XSAVE feature 0x200: 'Protection Keys User registers'
2025-05-21T10:59:23.313200+00:00 mc-misc2002 kernel: [    2.232148] x86/fpu: xstate_offset[2]:  576, xstate_sizes[2]:  256
2025-05-21T10:59:23.313201+00:00 mc-misc2002 kernel: [    2.236148] x86/fpu: xstate_offset[5]:  832, xstate_sizes[5]:   64
2025-05-21T10:59:23.313209+00:00 mc-misc2002 kernel: [    2.240148] x86/fpu: xstate_offset[6]:  896, xstate_sizes[6]:  512
2025-05-21T10:59:23.313210+00:00 mc-misc2002 kernel: [    2.244148] x86/fpu: xstate_offset[7]: 1408, xstate_sizes[7]: 1024
2025-05-21T10:59:23.313210+00:00 mc-misc2002 kernel: [    2.248148] x86/fpu: xstate_offset[9]: 2432, xstate_sizes[9]:    8
2025-05-21T10:59:23.313211+00:00 mc-misc2002 kernel: [    2.252148] x86/fpu: Enabled xstate features 0x2e7, context size is 2440 bytes, using 'compacted' format.
2025-05-21T10:59:23.313216+00:00 mc-misc2002 kernel: [    2.280495] Freeing SMP alternatives memory: 36K
2025-05-21T10:59:23.313222+00:00 mc-misc2002 kernel: [    2.284148] pid_max: default: 49152 minimum: 384
2025-05-21T10:59:23.313229+00:00 mc-misc2002 kernel: [    2.288224] LSM: Security Framework initializing
2025-05-21T10:59:23.313239+00:00 mc-misc2002 kernel: [    2.292168] landlock: Up and running.
2025-05-21T10:59:23.313240+00:00 mc-misc2002 kernel: [    2.296147] Yama: disabled by default; enable with sysctl kernel.yama.*
2025-05-21T10:59:23.313241+00:00 mc-misc2002 kernel: [    2.300177] AppArmor: AppArmor initialized
2025-05-21T10:59:23.313252+00:00 mc-misc2002 kernel: [    2.304149] TOMOYO Linux initialized
2025-05-21T10:59:23.313253+00:00 mc-misc2002 kernel: [    2.308153] LSM support for eBPF active
2025-05-21T10:59:23.313253+00:00 mc-misc2002 kernel: [    2.330894] Dentry cache hash table entries: 16777216 (order: 15, 134217728 bytes, vmalloc hugepage)
2025-05-21T10:59:23.313254+00:00 mc-misc2002 kernel: [    2.342354] Inode-cache hash table entries: 8388608 (order: 14, 67108864 bytes, vmalloc hugepage)
2025-05-21T10:59:23.313255+00:00 mc-misc2002 kernel: [    2.344505] Mount-cache hash table entries: 262144 (order: 9, 2097152 bytes, vmalloc)
2025-05-21T10:59:23.313256+00:00 mc-misc2002 kernel: [    2.348459] Mountpoint-cache hash table entries: 262144 (order: 9, 2097152 bytes, vmalloc)
2025-05-21T10:59:23.313261+00:00 mc-misc2002 kernel: [    2.352921] smpboot: CPU0: Intel(R) Xeon(R) Silver 4310 CPU @ 2.10GHz (family: 0x6, model: 0x6a, stepping: 0x6)
2025-05-21T10:59:23.313266+00:00 mc-misc2002 kernel: [    2.356309] cblist_init_generic: Setting adjustable number of callback queues.
2025-05-21T10:59:23.313267+00:00 mc-misc2002 kernel: [    2.360148] cblist_init_generic: Setting shift to 6 and lim to 1.
2025-05-21T10:59:23.313267+00:00 mc-misc2002 kernel: [    2.364167] cblist_init_generic: Setting adjustable number of callback queues.
2025-05-21T10:59:23.313268+00:00 mc-misc2002 kernel: [    2.368148] cblist_init_generic: Setting shift to 6 and lim to 1.
2025-05-21T10:59:23.313268+00:00 mc-misc2002 kernel: [    2.372171] cblist_init_generic: Setting adjustable number of callback queues.
2025-05-21T10:59:23.313268+00:00 mc-misc2002 kernel: [    2.376148] cblist_init_generic: Setting shift to 6 and lim to 1.
2025-05-21T10:59:23.313274+00:00 mc-misc2002 kernel: [    2.380161] Performance Events: PEBS fmt4+-baseline,  AnyThread deprecated, Icelake events, 32-deep LBR, full-width counters, Intel PMU driver.
2025-05-21T10:59:23.313275+00:00 mc-misc2002 kernel: [    2.384148] ... version:                5
2025-05-21T10:59:23.313275+00:00 mc-misc2002 kernel: [    2.388147] ... bit width:              48
2025-05-21T10:59:23.313276+00:00 mc-misc2002 kernel: [    2.392147] ... generic registers:      8
2025-05-21T10:59:23.313276+00:00 mc-misc2002 kernel: [    2.396147] ... value mask:             0000ffffffffffff
2025-05-21T10:59:23.313276+00:00 mc-misc2002 kernel: [    2.400147] ... max period:             00007fffffffffff
2025-05-21T10:59:23.313282+00:00 mc-misc2002 kernel: [    2.404147] ... fixed-purpose events:   4
2025-05-21T10:59:23.313283+00:00 mc-misc2002 kernel: [    2.408147] ... event mask:             0001000f000000ff
2025-05-21T10:59:23.313283+00:00 mc-misc2002 kernel: [    2.412292] signal: max sigframe size: 3632
2025-05-21T10:59:23.313284+00:00 mc-misc2002 kernel: [    2.416166] Estimated ratio of average max frequency by base frequency (times 1024): 1316
2025-05-21T10:59:23.313290+00:00 mc-misc2002 kernel: [    2.420168] rcu: Hierarchical SRCU implementation.
2025-05-21T10:59:23.313291+00:00 mc-misc2002 kernel: [    2.424148] rcu: 	Max phase no-delay instances is 1000.
2025-05-21T10:59:23.313296+00:00 mc-misc2002 kernel: [    2.431507] NMI watchdog: Enabled. Permanently consumes one hw-PMU counter.
2025-05-21T10:59:23.313297+00:00 mc-misc2002 kernel: [    2.432638] smp: Bringing up secondary CPUs ...
2025-05-21T10:59:23.313297+00:00 mc-misc2002 kernel: [    2.436248] x86: Booting SMP configuration:
2025-05-21T10:59:23.313300+00:00 mc-misc2002 kernel: [    2.440151] .... node  #0, CPUs:        #1  #2  #3  #4  #5  #6  #7  #8  #9 #10 #11
2025-05-21T10:59:23.313301+00:00 mc-misc2002 kernel: [    2.552149] .... node  #1, CPUs:   #12
2025-05-21T10:59:23.313301+00:00 mc-misc2002 kernel: [    1.688672] smpboot: CPU 12 Converting physical 0 to logical die 1
2025-05-21T10:59:23.313302+00:00 mc-misc2002 kernel: [    2.698290]  #13 #14 #15 #16 #17 #18 #19 #20 #21 #22 #23
2025-05-21T10:59:23.313306+00:00 mc-misc2002 kernel: [    2.904148] .... node  #0, CPUs:   #24
2025-05-21T10:59:23.313307+00:00 mc-misc2002 kernel: [    2.906495] MMIO Stale Data CPU bug present and SMT on, data leak possible. See https://www.kernel.org/doc/html/latest/admin-guide/hw-vuln/processor_mmio_stale_data.html for more details.
2025-05-21T10:59:23.313308+00:00 mc-misc2002 kernel: [    2.912276]  #25 #26 #27 #28 #29 #30 #31 #32 #33 #34 #35
2025-05-21T10:59:23.313308+00:00 mc-misc2002 kernel: [    2.940150] .... node  #1, CPUs:   #36 #37 #38 #39 #40 #41 #42 #43 #44 #45 #46 #47
2025-05-21T10:59:23.313309+00:00 mc-misc2002 kernel: [    2.969101] smp: Brought up 2 nodes, 48 CPUs
2025-05-21T10:59:23.313309+00:00 mc-misc2002 kernel: [    2.976150] smpboot: Max logical packages: 2
2025-05-21T10:59:23.313316+00:00 mc-misc2002 kernel: [    2.980149] smpboot: Total of 48 processors activated (202169.96 BogoMIPS)
2025-05-21T10:59:23.313317+00:00 mc-misc2002 kernel: [    3.044198] node 0 deferred pages initialised in 56ms
2025-05-21T10:59:23.313317+00:00 mc-misc2002 kernel: [    3.048160] node 1 deferred pages initialised in 60ms
2025-05-21T10:59:23.313318+00:00 mc-misc2002 kernel: [    3.065542] devtmpfs: initialized
2025-05-21T10:59:23.313318+00:00 mc-misc2002 kernel: [    3.068230] x86/mm: Memory block size: 2048MB
2025-05-21T10:59:23.313319+00:00 mc-misc2002 kernel: [    3.073381] ACPI: PM: Registering ACPI NVS region [mem 0x678ff000-0x67dfefff] (5242880 bytes)
2025-05-21T10:59:23.313324+00:00 mc-misc2002 kernel: [    3.076290] clocksource: jiffies: mask: 0xffffffff max_cycles: 0xffffffff, max_idle_ns: 7645041785100000 ns
2025-05-21T10:59:23.313325+00:00 mc-misc2002 kernel: [    3.080314] futex hash table entries: 16384 (order: 8, 1048576 bytes, vmalloc)
2025-05-21T10:59:23.313328+00:00 mc-misc2002 kernel: [    3.084319] pinctrl core: initialized pinctrl subsystem
2025-05-21T10:59:23.313328+00:00 mc-misc2002 kernel: [    3.089565] NET: Registered PF_NETLINK/PF_ROUTE protocol family
2025-05-21T10:59:23.313329+00:00 mc-misc2002 kernel: [    3.092947] DMA: preallocated 4096 KiB GFP_KERNEL pool for atomic allocations
2025-05-21T10:59:23.313335+00:00 mc-misc2002 kernel: [    3.096629] DMA: preallocated 4096 KiB GFP_KERNEL|GFP_DMA pool for atomic allocations
2025-05-21T10:59:23.313340+00:00 mc-misc2002 kernel: [    3.100625] DMA: preallocated 4096 KiB GFP_KERNEL|GFP_DMA32 pool for atomic allocations
2025-05-21T10:59:23.313341+00:00 mc-misc2002 kernel: [    3.104159] audit: initializing netlink subsys (disabled)
2025-05-21T10:59:23.313341+00:00 mc-misc2002 kernel: [    3.108178] audit: type=2000 audit(1747825139.172:1): state=initialized audit_enabled=0 res=1
2025-05-21T10:59:23.313342+00:00 mc-misc2002 kernel: [    3.108323] thermal_sys: Registered thermal governor 'fair_share'
2025-05-21T10:59:23.313342+00:00 mc-misc2002 kernel: [    3.112149] thermal_sys: Registered thermal governor 'bang_bang'
2025-05-21T10:59:23.313342+00:00 mc-misc2002 kernel: [    3.116149] thermal_sys: Registered thermal governor 'step_wise'
2025-05-21T10:59:23.313343+00:00 mc-misc2002 kernel: [    3.120148] thermal_sys: Registered thermal governor 'user_space'
2025-05-21T10:59:23.313350+00:00 mc-misc2002 kernel: [    3.124148] thermal_sys: Registered thermal governor 'power_allocator'
2025-05-21T10:59:23.313351+00:00 mc-misc2002 kernel: [    3.128189] cpuidle: using governor ladder
2025-05-21T10:59:23.313352+00:00 mc-misc2002 kernel: [    3.140174] cpuidle: using governor menu
2025-05-21T10:59:23.313352+00:00 mc-misc2002 kernel: [    3.144185] ACPI FADT declares the system doesn't support PCIe ASPM, so disable it
2025-05-21T10:59:23.313352+00:00 mc-misc2002 kernel: [    3.148150] acpiphp: ACPI Hot Plug PCI Controller Driver version: 0.5
2025-05-21T10:59:23.313353+00:00 mc-misc2002 kernel: [    3.152253] PCI: MMCONFIG for domain 0000 [bus 00-ff] at [mem 0x80000000-0x8fffffff] (base 0x80000000)
2025-05-21T10:59:23.313368+00:00 mc-misc2002 kernel: [    3.156151] PCI: MMCONFIG at [mem 0x80000000-0x8fffffff] reserved in E820
2025-05-21T10:59:23.313368+00:00 mc-misc2002 kernel: [    3.160161] pmd_set_huge: Cannot satisfy [mem 0x80000000-0x80200000] with a huge-page mapping due to MTRR override.
2025-05-21T10:59:23.313369+00:00 mc-misc2002 kernel: [    3.164415] PCI: Using configuration type 1 for base access
2025-05-21T10:59:23.313369+00:00 mc-misc2002 kernel: [    3.169276] ENERGY_PERF_BIAS: Set to 'normal', was 'performance'
2025-05-21T10:59:23.313370+00:00 mc-misc2002 kernel: [    3.173053] kprobes: kprobe jump-optimization is enabled. All kprobes are optimized if possible.
2025-05-21T10:59:23.313370+00:00 mc-misc2002 kernel: [    3.184201] HugeTLB: registered 1.00 GiB page size, pre-allocated 0 pages
2025-05-21T10:59:23.313377+00:00 mc-misc2002 kernel: [    3.188148] HugeTLB: 16380 KiB vmemmap can be freed for a 1.00 GiB page
2025-05-21T10:59:23.313378+00:00 mc-misc2002 kernel: [    3.196148] HugeTLB: registered 2.00 MiB page size, pre-allocated 0 pages
2025-05-21T10:59:23.313385+00:00 mc-misc2002 kernel: [    3.204148] HugeTLB: 28 KiB vmemmap can be freed for a 2.00 MiB page
2025-05-21T10:59:23.313390+00:00 mc-misc2002 kernel: [    3.212281] ACPI: Added _OSI(Module Device)
2025-05-21T10:59:23.313392+00:00 mc-misc2002 kernel: [    3.216149] ACPI: Added _OSI(Processor Device)
2025-05-21T10:59:23.313392+00:00 mc-misc2002 kernel: [    3.224148] ACPI: Added _OSI(3.0 _SCP Extensions)
2025-05-21T10:59:23.313393+00:00 mc-misc2002 kernel: [    3.228149] ACPI: Added _OSI(Processor Aggregator Device)
2025-05-21T10:59:23.313398+00:00 mc-misc2002 kernel: [    3.379528] ACPI: 7 ACPI AML tables successfully acquired and loaded
2025-05-21T10:59:23.313399+00:00 mc-misc2002 kernel: [    3.401609] ACPI: Dynamic OEM Table Load:
2025-05-21T10:59:23.313400+00:00 mc-misc2002 kernel: [    3.538103] ACPI: Dynamic OEM Table Load:
2025-05-21T10:59:23.313400+00:00 mc-misc2002 kernel: [    3.786711] ACPI: Interpreter enabled
2025-05-21T10:59:23.313400+00:00 mc-misc2002 kernel: [    3.788173] ACPI: PM: (supports S0 S5)
2025-05-21T10:59:23.313401+00:00 mc-misc2002 kernel: [    3.792148] ACPI: Using IOAPIC for interrupt routing
2025-05-21T10:59:23.313407+00:00 mc-misc2002 kernel: [    3.800248] HEST: Table parsing has been initialized.
2025-05-21T10:59:23.313407+00:00 mc-misc2002 kernel: [    3.804254] GHES: APEI firmware first mode is enabled by APEI bit and WHEA _OSC.
2025-05-21T10:59:23.313408+00:00 mc-misc2002 kernel: [    3.812150] PCI: Using host bridge windows from ACPI; if necessary, use "pci=nocrs" and report a bug
2025-05-21T10:59:23.313408+00:00 mc-misc2002 kernel: [    3.824148] PCI: Ignoring E820 reservations for host bridge windows
2025-05-21T10:59:23.313409+00:00 mc-misc2002 kernel: [    3.848678] ACPI: Enabled 5 GPEs in block 00 to 7F
2025-05-21T10:59:23.313409+00:00 mc-misc2002 kernel: [    3.945186] ACPI: PCI Root Bridge [PC00] (domain 0000 [bus 00-15])
2025-05-21T10:59:23.313414+00:00 mc-misc2002 kernel: [    3.952154] acpi PNP0A08:00: _OSC: OS supports [ExtendedConfig ASPM ClockPM Segments MSI HPX-Type3]
2025-05-21T10:59:23.313416+00:00 mc-misc2002 kernel: [    3.964455] acpi PNP0A08:00: _OSC: platform does not support [SHPCHotplug AER LTR]
2025-05-21T10:59:23.313417+00:00 mc-misc2002 kernel: [    3.972356] acpi PNP0A08:00: _OSC: OS now controls [PCIeHotplug PME PCIeCapability]
2025-05-21T10:59:23.313417+00:00 mc-misc2002 kernel: [    3.980148] acpi PNP0A08:00: FADT indicates ASPM is unsupported, using BIOS configuration
2025-05-21T10:59:23.313418+00:00 mc-misc2002 kernel: [    3.988867] PCI host bridge to bus 0000:00
2025-05-21T10:59:23.313418+00:00 mc-misc2002 kernel: [    3.996149] pci_bus 0000:00: root bus resource [io  0x0000-0x0cf7 window]
2025-05-21T10:59:23.313425+00:00 mc-misc2002 kernel: [    4.000148] pci_bus 0000:00: root bus resource [io  0x1000-0x4fff window]
2025-05-21T10:59:23.313426+00:00 mc-misc2002 kernel: [    4.008148] pci_bus 0000:00: root bus resource [mem 0x000a0000-0x000bffff window]
2025-05-21T10:59:23.313426+00:00 mc-misc2002 kernel: [    4.016149] pci_bus 0000:00: root bus resource [mem 0x000c8000-0x000cffff window]
2025-05-21T10:59:23.313427+00:00 mc-misc2002 kernel: [    4.028148] pci_bus 0000:00: root bus resource [mem 0xfe010000-0xfe010fff window]
2025-05-21T10:59:23.313427+00:00 mc-misc2002 kernel: [    4.036148] pci_bus 0000:00: root bus resource [mem 0x90000000-0x9b7fffff window]
2025-05-21T10:59:23.313428+00:00 mc-misc2002 kernel: [    4.044148] pci_bus 0000:00: root bus resource [mem 0x200000000000-0x200fffffffff window]
2025-05-21T10:59:23.313428+00:00 mc-misc2002 kernel: [    4.052148] pci_bus 0000:00: root bus resource [bus 00-15]
2025-05-21T10:59:23.313433+00:00 mc-misc2002 kernel: [    4.060171] pci 0000:00:00.0: [8086:09a2] type 00 class 0x088000
2025-05-21T10:59:23.313434+00:00 mc-misc2002 kernel: [    4.064257] pci 0000:00:00.1: [8086:09a4] type 00 class 0x088000
2025-05-21T10:59:23.313435+00:00 mc-misc2002 kernel: [    4.072224] pci 0000:00:00.2: [8086:09a3] type 00 class 0x088000
2025-05-21T10:59:23.313435+00:00 mc-misc2002 kernel: [    4.080229] pci 0000:00:00.4: [8086:0998] type 00 class 0x060000
2025-05-21T10:59:23.313436+00:00 mc-misc2002 kernel: [    4.084228] pci 0000:00:01.0: [8086:0b00] type 00 class 0x088000
2025-05-21T10:59:23.313436+00:00 mc-misc2002 kernel: [    4.092158] pci 0000:00:01.0: reg 0x10: [mem 0x200ffff50000-0x200ffff53fff 64bit]
2025-05-21T10:59:23.313446+00:00 mc-misc2002 kernel: [    4.100252] pci 0000:00:01.1: [8086:0b00] type 00 class 0x088000
2025-05-21T10:59:23.313447+00:00 mc-misc2002 kernel: [    4.108157] pci 0000:00:01.1: reg 0x10: [mem 0x200ffff4c000-0x200ffff4ffff 64bit]
2025-05-21T10:59:23.313448+00:00 mc-misc2002 kernel: [    4.116251] pci 0000:00:01.2: [8086:0b00] type 00 class 0x088000
2025-05-21T10:59:23.313448+00:00 mc-misc2002 kernel: [    4.124157] pci 0000:00:01.2: reg 0x10: [mem 0x200ffff48000-0x200ffff4bfff 64bit]
2025-05-21T10:59:23.313450+00:00 mc-misc2002 kernel: [    4.132249] pci 0000:00:01.3: [8086:0b00] type 00 class 0x088000
2025-05-21T10:59:23.313451+00:00 mc-misc2002 kernel: [    4.140158] pci 0000:00:01.3: reg 0x10: [mem 0x200ffff44000-0x200ffff47fff 64bit]
2025-05-21T10:59:23.313451+00:00 mc-misc2002 kernel: [    4.148248] pci 0000:00:01.4: [8086:0b00] type 00 class 0x088000
2025-05-21T10:59:23.313470+00:00 mc-misc2002 kernel: [    4.152157] pci 0000:00:01.4: reg 0x10: [mem 0x200ffff40000-0x200ffff43fff 64bit]
2025-05-21T10:59:23.313472+00:00 mc-misc2002 kernel: [    4.160248] pci 0000:00:01.5: [8086:0b00] type 00 class 0x088000
2025-05-21T10:59:23.313472+00:00 mc-misc2002 kernel: [    4.168157] pci 0000:00:01.5: reg 0x10: [mem 0x200ffff3c000-0x200ffff3ffff 64bit]
2025-05-21T10:59:23.313473+00:00 mc-misc2002 kernel: [    4.176244] pci 0000:00:01.6: [8086:0b00] type 00 class 0x088000
2025-05-21T10:59:23.313473+00:00 mc-misc2002 kernel: [    4.184157] pci 0000:00:01.6: reg 0x10: [mem 0x200ffff38000-0x200ffff3bfff 64bit]
2025-05-21T10:59:23.313473+00:00 mc-misc2002 kernel: [    4.192249] pci 0000:00:01.7: [8086:0b00] type 00 class 0x088000
2025-05-21T10:59:23.313478+00:00 mc-misc2002 kernel: [    4.200158] pci 0000:00:01.7: reg 0x10: [mem 0x200ffff34000-0x200ffff37fff 64bit]
2025-05-21T10:59:23.313479+00:00 mc-misc2002 kernel: [    4.208245] pci 0000:00:02.0: [8086:09a6] type 00 class 0x088000
2025-05-21T10:59:23.313480+00:00 mc-misc2002 kernel: [    4.216156] pci 0000:00:02.0: reg 0x10: [mem 0x9b388000-0x9b389fff]
2025-05-21T10:59:23.313480+00:00 mc-misc2002 kernel: [    4.220225] pci 0000:00:02.1: [8086:09a7] type 00 class 0x088000
2025-05-21T10:59:23.313480+00:00 mc-misc2002 kernel: [    4.228155] pci 0000:00:02.1: reg 0x10: [mem 0x9b300000-0x9b37ffff]
2025-05-21T10:59:23.313481+00:00 mc-misc2002 kernel: [    4.236152] pci 0000:00:02.1: reg 0x14: [mem 0x9b280000-0x9b2fffff]
2025-05-21T10:59:23.313486+00:00 mc-misc2002 kernel: [    4.244224] pci 0000:00:02.4: [8086:3456] type 00 class 0x130000
2025-05-21T10:59:23.313487+00:00 mc-misc2002 kernel: [    4.248157] pci 0000:00:02.4: reg 0x10: [mem 0x200fffe00000-0x200fffefffff 64bit]
2025-05-21T10:59:23.313487+00:00 mc-misc2002 kernel: [    4.256154] pci 0000:00:02.4: reg 0x18: [mem 0x200ffff30000-0x200ffff33fff 64bit]
2025-05-21T10:59:23.313488+00:00 mc-misc2002 kernel: [    4.264154] pci 0000:00:02.4: reg 0x20: [mem 0x200ffff00000-0x200ffff1ffff 64bit]
2025-05-21T10:59:23.313488+00:00 mc-misc2002 kernel: [    4.276240] pci 0000:00:11.0: [8086:a1ec] type 00 class 0xff0000
2025-05-21T10:59:23.313489+00:00 mc-misc2002 kernel: [    4.280149] pci 0000:00:11.0: device has non-compliant BARs; disabling IO/MEM decoding
2025-05-21T10:59:23.313489+00:00 mc-misc2002 kernel: [    4.292246] pci 0000:00:11.5: [8086:a1d2] type 00 class 0x010601
2025-05-21T10:59:23.313497+00:00 mc-misc2002 kernel: [    4.296160] pci 0000:00:11.5: reg 0x10: [mem 0x9b386000-0x9b387fff]
2025-05-21T10:59:23.313497+00:00 mc-misc2002 kernel: [    4.304154] pci 0000:00:11.5: reg 0x14: [mem 0x9b38b000-0x9b38b0ff]
2025-05-21T10:59:23.313498+00:00 mc-misc2002 kernel: [    4.312155] pci 0000:00:11.5: reg 0x18: [io  0x4070-0x4077]
2025-05-21T10:59:23.313498+00:00 mc-misc2002 kernel: [    4.316154] pci 0000:00:11.5: reg 0x1c: [io  0x4060-0x4063]
2025-05-21T10:59:23.313498+00:00 mc-misc2002 kernel: [    4.324155] pci 0000:00:11.5: reg 0x20: [io  0x4020-0x403f]
2025-05-21T10:59:23.313499+00:00 mc-misc2002 kernel: [    4.328154] pci 0000:00:11.5: reg 0x24: [mem 0x9b180000-0x9b1fffff]
2025-05-21T10:59:23.313504+00:00 mc-misc2002 kernel: [    4.336189] pci 0000:00:11.5: PME# supported from D3hot
2025-05-21T10:59:23.313504+00:00 mc-misc2002 kernel: [    4.344370] pci 0000:00:14.0: [8086:a1af] type 00 class 0x0c0330
2025-05-21T10:59:23.313505+00:00 mc-misc2002 kernel: [    4.348165] pci 0000:00:14.0: reg 0x10: [mem 0x200ffff20000-0x200ffff2ffff 64bit]
2025-05-21T10:59:23.313505+00:00 mc-misc2002 kernel: [    4.360213] pci 0000:00:14.0: PME# supported from D3hot D3cold
2025-05-21T10:59:23.313506+00:00 mc-misc2002 kernel: [    4.364378] pci 0000:00:14.2: [8086:a1b1] type 00 class 0x118000
2025-05-21T10:59:23.313506+00:00 mc-misc2002 kernel: [    4.372164] pci 0000:00:14.2: reg 0x10: [mem 0x200ffff57000-0x200ffff57fff 64bit]
2025-05-21T10:59:23.313507+00:00 mc-misc2002 kernel: [    4.380280] pci 0000:00:16.0: [8086:a1ba] type 00 class 0x078000
2025-05-21T10:59:23.313511+00:00 mc-misc2002 kernel: [    4.388171] pci 0000:00:16.0: reg 0x10: [mem 0x200ffff56000-0x200ffff56fff 64bit]
2025-05-21T10:59:23.313511+00:00 mc-misc2002 kernel: [    4.396234] pci 0000:00:16.0: PME# supported from D3hot
2025-05-21T10:59:23.313512+00:00 mc-misc2002 kernel: [    4.400216] pci 0000:00:16.1: [8086:a1bb] type 00 class 0x078000
2025-05-21T10:59:23.313512+00:00 mc-misc2002 kernel: [    4.408171] pci 0000:00:16.1: reg 0x10: [mem 0x200ffff55000-0x200ffff55fff 64bit]
2025-05-21T10:59:23.313512+00:00 mc-misc2002 kernel: [    4.416233] pci 0000:00:16.1: PME# supported from D3hot
2025-05-21T10:59:23.313513+00:00 mc-misc2002 kernel: [    4.424219] pci 0000:00:16.4: [8086:a1be] type 00 class 0x078000
2025-05-21T10:59:23.313517+00:00 mc-misc2002 kernel: [    4.428171] pci 0000:00:16.4: reg 0x10: [mem 0x200ffff54000-0x200ffff54fff 64bit]
2025-05-21T10:59:23.313518+00:00 mc-misc2002 kernel: [    4.436233] pci 0000:00:16.4: PME# supported from D3hot
2025-05-21T10:59:23.313518+00:00 mc-misc2002 kernel: [    4.444218] pci 0000:00:17.0: [8086:a182] type 00 class 0x010601
2025-05-21T10:59:23.313518+00:00 mc-misc2002 kernel: [    4.452161] pci 0000:00:17.0: reg 0x10: [mem 0x9b384000-0x9b385fff]
2025-05-21T10:59:23.313519+00:00 mc-misc2002 kernel: [    4.456154] pci 0000:00:17.0: reg 0x14: [mem 0x9b38a000-0x9b38a0ff]
2025-05-21T10:59:23.313519+00:00 mc-misc2002 kernel: [    4.464154] pci 0000:00:17.0: reg 0x18: [io  0x4050-0x4057]
2025-05-21T10:59:23.313524+00:00 mc-misc2002 kernel: [    4.472154] pci 0000:00:17.0: reg 0x1c: [io  0x4040-0x4043]
2025-05-21T10:59:23.313525+00:00 mc-misc2002 kernel: [    4.476154] pci 0000:00:17.0: reg 0x20: [io  0x4000-0x401f]
2025-05-21T10:59:23.313525+00:00 mc-misc2002 kernel: [    4.484154] pci 0000:00:17.0: reg 0x24: [mem 0x9b100000-0x9b17ffff]
2025-05-21T10:59:23.313525+00:00 mc-misc2002 kernel: [    4.492189] pci 0000:00:17.0: PME# supported from D3hot
2025-05-21T10:59:23.313526+00:00 mc-misc2002 kernel: [    4.496360] pci 0000:00:1c.0: [8086:a190] type 01 class 0x060400
2025-05-21T10:59:23.313526+00:00 mc-misc2002 kernel: [    4.504222] pci 0000:00:1c.0: PME# supported from D0 D3hot D3cold
2025-05-21T10:59:23.313527+00:00 mc-misc2002 kernel: [    4.512229] pci 0000:00:1c.4: [8086:a194] type 01 class 0x060400
2025-05-21T10:59:23.313531+00:00 mc-misc2002 kernel: [    4.516222] pci 0000:00:1c.4: PME# supported from D0 D3hot D3cold
2025-05-21T10:59:23.313531+00:00 mc-misc2002 kernel: [    4.524249] pci 0000:00:1c.5: [8086:a195] type 01 class 0x060400
2025-05-21T10:59:23.313532+00:00 mc-misc2002 kernel: [    4.532221] pci 0000:00:1c.5: PME# supported from D0 D3hot D3cold
2025-05-21T10:59:23.313532+00:00 mc-misc2002 kernel: [    4.536247] pci 0000:00:1f.0: [8086:a1cb] type 00 class 0x060100
2025-05-21T10:59:23.313533+00:00 mc-misc2002 kernel: [    4.544408] pci 0000:00:1f.2: [8086:a1a1] type 00 class 0x058000
2025-05-21T10:59:23.313533+00:00 mc-misc2002 kernel: [    4.552162] pci 0000:00:1f.2: reg 0x10: [mem 0x9b380000-0x9b383fff]
2025-05-21T10:59:23.313537+00:00 mc-misc2002 kernel: [    4.560375] pci 0000:00:1f.4: [8086:a1a3] type 00 class 0x0c0500
2025-05-21T10:59:23.313538+00:00 mc-misc2002 kernel: [    4.564167] pci 0000:00:1f.4: reg 0x10: [mem 0x00000000-0x000000ff 64bit]
2025-05-21T10:59:23.313538+00:00 mc-misc2002 kernel: [    4.572171] pci 0000:00:1f.4: reg 0x20: [io  0x0780-0x079f]
2025-05-21T10:59:23.313538+00:00 mc-misc2002 kernel: [    4.580222] pci 0000:00:1f.5: [8086:a1a4] type 00 class 0x0c8000
2025-05-21T10:59:23.313539+00:00 mc-misc2002 kernel: [    4.588162] pci 0000:00:1f.5: reg 0x10: [mem 0xfe010000-0xfe010fff]
2025-05-21T10:59:23.313539+00:00 mc-misc2002 kernel: [    4.592286] pci 0000:00:1c.0: PCI bridge to [bus 01]
2025-05-21T10:59:23.313540+00:00 mc-misc2002 kernel: [    4.600202] pci 0000:00:1c.4: PCI bridge to [bus 02]
2025-05-21T10:59:23.313544+00:00 mc-misc2002 kernel: [    4.604214] pci 0000:03:00.0: [1a03:1150] type 01 class 0x060400
2025-05-21T10:59:23.313544+00:00 mc-misc2002 kernel: [    4.612204] pci 0000:03:00.0: enabling Extended Tags
2025-05-21T10:59:23.313545+00:00 mc-misc2002 kernel: [    4.616220] pci 0000:03:00.0: supports D1 D2
2025-05-21T10:59:23.313545+00:00 mc-misc2002 kernel: [    4.620148] pci 0000:03:00.0: PME# supported from D0 D1 D2 D3hot D3cold
2025-05-21T10:59:23.313546+00:00 mc-misc2002 kernel: [    4.628286] pci 0000:00:1c.5: PCI bridge to [bus 03-04]
2025-05-21T10:59:23.313546+00:00 mc-misc2002 kernel: [    4.636150] pci 0000:00:1c.5:   bridge window [io  0x3000-0x3fff]
2025-05-21T10:59:23.313550+00:00 mc-misc2002 kernel: [    4.644149] pci 0000:00:1c.5:   bridge window [mem 0x9a000000-0x9b0fffff]
2025-05-21T10:59:23.313551+00:00 mc-misc2002 kernel: [    4.648188] pci_bus 0000:04: extended config space not accessible
2025-05-21T10:59:23.313551+00:00 mc-misc2002 kernel: [    4.656174] pci 0000:04:00.0: [1a03:2000] type 00 class 0x030000
2025-05-21T10:59:23.313551+00:00 mc-misc2002 kernel: [    4.664165] pci 0000:04:00.0: reg 0x10: [mem 0x9a000000-0x9affffff]
2025-05-21T10:59:23.313552+00:00 mc-misc2002 kernel: [    4.672157] pci 0000:04:00.0: reg 0x14: [mem 0x9b000000-0x9b03ffff]
2025-05-21T10:59:23.313552+00:00 mc-misc2002 kernel: [    4.676157] pci 0000:04:00.0: reg 0x18: [io  0x3000-0x307f]
2025-05-21T10:59:23.313556+00:00 mc-misc2002 kernel: [    4.684228] pci 0000:04:00.0: supports D1 D2
2025-05-21T10:59:23.313557+00:00 mc-misc2002 kernel: [    4.688148] pci 0000:04:00.0: PME# supported from D0 D1 D2 D3hot D3cold
2025-05-21T10:59:23.313557+00:00 mc-misc2002 kernel: [    4.696244] pci 0000:03:00.0: PCI bridge to [bus 04]
2025-05-21T10:59:23.313557+00:00 mc-misc2002 kernel: [    4.700153] pci 0000:03:00.0:   bridge window [io  0x3000-0x3fff]
2025-05-21T10:59:23.313558+00:00 mc-misc2002 kernel: [    4.708150] pci 0000:03:00.0:   bridge window [mem 0x9a000000-0x9b0fffff]
2025-05-21T10:59:23.313558+00:00 mc-misc2002 kernel: [    4.716173] pci_bus 0000:00: on NUMA node 0
2025-05-21T10:59:23.313559+00:00 mc-misc2002 kernel: [    4.716872] ACPI: PCI Root Bridge [PC01] (domain 0000 [bus 16-2f])
2025-05-21T10:59:23.313563+00:00 mc-misc2002 kernel: [    4.724150] acpi PNP0A08:01: _OSC: OS supports [ExtendedConfig ASPM ClockPM Segments MSI HPX-Type3]
2025-05-21T10:59:23.313563+00:00 mc-misc2002 kernel: [    4.732749] acpi PNP0A08:01: _OSC: platform does not support [SHPCHotplug AER]
2025-05-21T10:59:23.313564+00:00 mc-misc2002 kernel: [    4.744635] acpi PNP0A08:01: _OSC: OS now controls [PCIeHotplug PME PCIeCapability LTR]
2025-05-21T10:59:23.313564+00:00 mc-misc2002 kernel: [    4.752152] acpi PNP0A08:01: FADT indicates ASPM is unsupported, using BIOS configuration
2025-05-21T10:59:23.313565+00:00 mc-misc2002 kernel: [    4.760282] PCI host bridge to bus 0000:16
2025-05-21T10:59:23.313565+00:00 mc-misc2002 kernel: [    4.768148] pci_bus 0000:16: root bus resource [io  0x5000-0x6fff window]
2025-05-21T10:59:23.313569+00:00 mc-misc2002 kernel: [    4.772148] pci_bus 0000:16: root bus resource [mem 0x9b800000-0xa63fffff window]
2025-05-21T10:59:23.313569+00:00 mc-misc2002 kernel: [    4.784148] pci_bus 0000:16: root bus resource [mem 0x201000000000-0x201fffffffff window]
2025-05-21T10:59:23.313570+00:00 mc-misc2002 kernel: [    4.792148] pci_bus 0000:16: root bus resource [bus 16-2f]
2025-05-21T10:59:23.313570+00:00 mc-misc2002 kernel: [    4.796158] pci 0000:16:00.0: [8086:09a2] type 00 class 0x088000
2025-05-21T10:59:23.313571+00:00 mc-misc2002 kernel: [    4.804220] pci 0000:16:00.1: [8086:09a4] type 00 class 0x088000
2025-05-21T10:59:23.313571+00:00 mc-misc2002 kernel: [    4.812216] pci 0000:16:00.2: [8086:09a3] type 00 class 0x088000
2025-05-21T10:59:23.313573+00:00 mc-misc2002 kernel: [    4.816220] pci 0000:16:00.4: [8086:0998] type 00 class 0x060000
2025-05-21T10:59:23.313576+00:00 mc-misc2002 kernel: [    4.824228] pci_bus 0000:16: on NUMA node 0
2025-05-21T10:59:23.313576+00:00 mc-misc2002 kernel: [    4.824320] ACPI: PCI Root Bridge [PC02] (domain 0000 [bus 30-49])
2025-05-21T10:59:23.313576+00:00 mc-misc2002 kernel: [    4.832149] acpi PNP0A08:02: _OSC: OS supports [ExtendedConfig ASPM ClockPM Segments MSI HPX-Type3]
2025-05-21T10:59:23.313577+00:00 mc-misc2002 kernel: [    4.840919] acpi PNP0A08:02: _OSC: platform does not support [SHPCHotplug AER]
2025-05-21T10:59:23.313577+00:00 mc-misc2002 kernel: [    4.852401] acpi PNP0A08:02: _OSC: OS now controls [PCIeHotplug PME PCIeCapability LTR]
2025-05-21T10:59:23.313578+00:00 mc-misc2002 kernel: [    4.860148] acpi PNP0A08:02: FADT indicates ASPM is unsupported, using BIOS configuration
2025-05-21T10:59:23.313582+00:00 mc-misc2002 kernel: [    4.868269] PCI host bridge to bus 0000:30
2025-05-21T10:59:23.313582+00:00 mc-misc2002 kernel: [    4.872148] pci_bus 0000:30: root bus resource [io  0x7000-0x8fff window]
2025-05-21T10:59:23.313583+00:00 mc-misc2002 kernel: [    4.880148] pci_bus 0000:30: root bus resource [mem 0xa6400000-0xb0ffffff window]
2025-05-21T10:59:23.313583+00:00 mc-misc2002 kernel: [    4.888149] pci_bus 0000:30: root bus resource [mem 0x202000000000-0x202fffffffff window]
2025-05-21T10:59:23.313584+00:00 mc-misc2002 kernel: [    4.900148] pci_bus 0000:30: root bus resource [bus 30-49]
2025-05-21T10:59:23.313584+00:00 mc-misc2002 kernel: [    4.904157] pci 0000:30:00.0: [8086:09a2] type 00 class 0x088000
2025-05-21T10:59:23.313588+00:00 mc-misc2002 kernel: [    4.912216] pci 0000:30:00.1: [8086:09a4] type 00 class 0x088000
2025-05-21T10:59:23.313588+00:00 mc-misc2002 kernel: [    4.920214] pci 0000:30:00.2: [8086:09a3] type 00 class 0x088000
2025-05-21T10:59:23.313589+00:00 mc-misc2002 kernel: [    4.924221] pci 0000:30:00.4: [8086:0998] type 00 class 0x060000
2025-05-21T10:59:23.313589+00:00 mc-misc2002 kernel: [    4.932223] pci_bus 0000:30: on NUMA node 0
2025-05-21T10:59:23.313590+00:00 mc-misc2002 kernel: [    4.932329] ACPI: PCI Root Bridge [PC04] (domain 0000 [bus 4a-63])
2025-05-21T10:59:23.313590+00:00 mc-misc2002 kernel: [    4.940149] acpi PNP0A08:04: _OSC: OS supports [ExtendedConfig ASPM ClockPM Segments MSI HPX-Type3]
2025-05-21T10:59:23.313594+00:00 mc-misc2002 kernel: [    4.949108] acpi PNP0A08:04: _OSC: platform does not support [SHPCHotplug AER]
2025-05-21T10:59:23.313594+00:00 mc-misc2002 kernel: [    4.960404] acpi PNP0A08:04: _OSC: OS now controls [PCIeHotplug PME PCIeCapability LTR]
2025-05-21T10:59:23.313595+00:00 mc-misc2002 kernel: [    4.968148] acpi PNP0A08:04: FADT indicates ASPM is unsupported, using BIOS configuration
2025-05-21T10:59:23.313595+00:00 mc-misc2002 kernel: [    4.976266] PCI host bridge to bus 0000:4a
2025-05-21T10:59:23.313596+00:00 mc-misc2002 kernel: [    4.980148] pci_bus 0000:4a: root bus resource [io  0x9000-0x9fff window]
2025-05-21T10:59:23.313596+00:00 mc-misc2002 kernel: [    4.988148] pci_bus 0000:4a: root bus resource [mem 0xb1000000-0xbbbfffff window]
2025-05-21T10:59:23.313597+00:00 mc-misc2002 kernel: [    4.996148] pci_bus 0000:4a: root bus resource [mem 0x203000000000-0x203fffffffff window]
2025-05-21T10:59:23.313602+00:00 mc-misc2002 kernel: [    5.008149] pci_bus 0000:4a: root bus resource [bus 4a-63]
2025-05-21T10:59:23.313603+00:00 mc-misc2002 kernel: [    5.012157] pci 0000:4a:00.0: [8086:09a2] type 00 class 0x088000
2025-05-21T10:59:23.313603+00:00 mc-misc2002 kernel: [    5.020217] pci 0000:4a:00.1: [8086:09a4] type 00 class 0x088000
2025-05-21T10:59:23.313603+00:00 mc-misc2002 kernel: [    5.028215] pci 0000:4a:00.2: [8086:09a3] type 00 class 0x088000
2025-05-21T10:59:23.313604+00:00 mc-misc2002 kernel: [    5.032219] pci 0000:4a:00.4: [8086:0998] type 00 class 0x060000
2025-05-21T10:59:23.313604+00:00 mc-misc2002 kernel: [    5.040222] pci 0000:4a:05.0: [8086:347d] type 01 class 0x060400
2025-05-21T10:59:23.313608+00:00 mc-misc2002 kernel: [    5.048157] pci 0000:4a:05.0: reg 0x10: [mem 0x203ffff00000-0x203ffff1ffff 64bit]
2025-05-21T10:59:23.313609+00:00 mc-misc2002 kernel: [    5.056159] pci 0000:4a:05.0: enabling Extended Tags
2025-05-21T10:59:23.313609+00:00 mc-misc2002 kernel: [    5.060177] pci 0000:4a:05.0: PME# supported from D0 D3hot D3cold
2025-05-21T10:59:23.313609+00:00 mc-misc2002 kernel: [    5.068547] pci 0000:4b:00.0: [8086:1521] type 00 class 0x020000
2025-05-21T10:59:23.313610+00:00 mc-misc2002 kernel: [    5.076162] pci 0000:4b:00.0: reg 0x10: [mem 0xbba20000-0xbba3ffff]
2025-05-21T10:59:23.313610+00:00 mc-misc2002 kernel: [    5.084164] pci 0000:4b:00.0: reg 0x18: [io  0x9020-0x903f]
2025-05-21T10:59:23.313611+00:00 mc-misc2002 kernel: [    5.088154] pci 0000:4b:00.0: reg 0x1c: [mem 0xbba44000-0xbba47fff]
2025-05-21T10:59:23.313615+00:00 mc-misc2002 kernel: [    5.096230] pci 0000:4b:00.0: PME# supported from D0 D3hot D3cold
2025-05-21T10:59:23.313615+00:00 mc-misc2002 kernel: [    5.104175] pci 0000:4b:00.0: reg 0x184: [mem 0x203fffe60000-0x203fffe63fff 64bit pref]
2025-05-21T10:59:23.313616+00:00 mc-misc2002 kernel: [    5.112148] pci 0000:4b:00.0: VF(n) BAR0 space: [mem 0x203fffe60000-0x203fffe7ffff 64bit pref] (contains BAR0 for 8 VFs)
2025-05-21T10:59:23.313616+00:00 mc-misc2002 kernel: [    5.124162] pci 0000:4b:00.0: reg 0x190: [mem 0x203fffe40000-0x203fffe43fff 64bit pref]
2025-05-21T10:59:23.313617+00:00 mc-misc2002 kernel: [    5.132148] pci 0000:4b:00.0: VF(n) BAR3 space: [mem 0x203fffe40000-0x203fffe5ffff 64bit pref] (contains BAR3 for 8 VFs)
2025-05-21T10:59:23.313619+00:00 mc-misc2002 kernel: [    5.144331] pci 0000:4b:00.1: [8086:1521] type 00 class 0x020000
2025-05-21T10:59:23.313621+00:00 mc-misc2002 kernel: [    5.152160] pci 0000:4b:00.1: reg 0x10: [mem 0xbba00000-0xbba1ffff]
2025-05-21T10:59:23.313622+00:00 mc-misc2002 kernel: [    5.160160] pci 0000:4b:00.1: reg 0x18: [io  0x9000-0x901f]
2025-05-21T10:59:23.313622+00:00 mc-misc2002 kernel: [    5.164154] pci 0000:4b:00.1: reg 0x1c: [mem 0xbba40000-0xbba43fff]
2025-05-21T10:59:23.313623+00:00 mc-misc2002 kernel: [    5.172233] pci 0000:4b:00.1: PME# supported from D0 D3hot D3cold
2025-05-21T10:59:23.313623+00:00 mc-misc2002 kernel: [    5.180171] pci 0000:4b:00.1: reg 0x184: [mem 0x203fffe20000-0x203fffe23fff 64bit pref]
2025-05-21T10:59:23.313623+00:00 mc-misc2002 kernel: [    5.188148] pci 0000:4b:00.1: VF(n) BAR0 space: [mem 0x203fffe20000-0x203fffe3ffff 64bit pref] (contains BAR0 for 8 VFs)
2025-05-21T10:59:23.313627+00:00 mc-misc2002 kernel: [    5.200161] pci 0000:4b:00.1: reg 0x190: [mem 0x203fffe00000-0x203fffe03fff 64bit pref]
2025-05-21T10:59:23.313628+00:00 mc-misc2002 kernel: [    5.208148] pci 0000:4b:00.1: VF(n) BAR3 space: [mem 0x203fffe00000-0x203fffe1ffff 64bit pref] (contains BAR3 for 8 VFs)
2025-05-21T10:59:23.313628+00:00 mc-misc2002 kernel: [    5.220276] pci 0000:4a:05.0: PCI bridge to [bus 4b]
2025-05-21T10:59:23.313629+00:00 mc-misc2002 kernel: [    5.228149] pci 0000:4a:05.0:   bridge window [io  0x9000-0x9fff]
2025-05-21T10:59:23.313629+00:00 mc-misc2002 kernel: [    5.232149] pci 0000:4a:05.0:   bridge window [mem 0xbba00000-0xbbafffff]
2025-05-21T10:59:23.313630+00:00 mc-misc2002 kernel: [    5.240150] pci 0000:4a:05.0:   bridge window [mem 0x203fffe00000-0x203fffefffff 64bit pref]
2025-05-21T10:59:23.313634+00:00 mc-misc2002 kernel: [    5.252154] pci_bus 0000:4a: on NUMA node 0
2025-05-21T10:59:23.313634+00:00 mc-misc2002 kernel: [    5.252263] ACPI: PCI Root Bridge [PC05] (domain 0000 [bus 64-7d])
2025-05-21T10:59:23.313635+00:00 mc-misc2002 kernel: [    5.260149] acpi PNP0A08:05: _OSC: OS supports [ExtendedConfig ASPM ClockPM Segments MSI HPX-Type3]
2025-05-21T10:59:23.313635+00:00 mc-misc2002 kernel: [    5.269562] acpi PNP0A08:05: _OSC: platform does not support [SHPCHotplug AER]
2025-05-21T10:59:23.313635+00:00 mc-misc2002 kernel: [    5.276632] acpi PNP0A08:05: _OSC: OS now controls [PCIeHotplug PME PCIeCapability LTR]
2025-05-21T10:59:23.313636+00:00 mc-misc2002 kernel: [    5.288148] acpi PNP0A08:05: FADT indicates ASPM is unsupported, using BIOS configuration
2025-05-21T10:59:23.313640+00:00 mc-misc2002 kernel: [    5.296272] PCI host bridge to bus 0000:64
2025-05-21T10:59:23.313640+00:00 mc-misc2002 kernel: [    5.300148] pci_bus 0000:64: root bus resource [io  0xa000-0xafff window]
2025-05-21T10:59:23.313641+00:00 mc-misc2002 kernel: [    5.308149] pci_bus 0000:64: root bus resource [mem 0xbbc00000-0xc5ffffff window]
2025-05-21T10:59:23.313641+00:00 mc-misc2002 kernel: [    5.316149] pci_bus 0000:64: root bus resource [mem 0x204000000000-0x204fffffffff window]
2025-05-21T10:59:23.313641+00:00 mc-misc2002 kernel: [    5.328148] pci_bus 0000:64: root bus resource [bus 64-7d]
2025-05-21T10:59:23.313642+00:00 mc-misc2002 kernel: [    5.332157] pci 0000:64:00.0: [8086:09a2] type 00 class 0x088000
2025-05-21T10:59:23.313646+00:00 mc-misc2002 kernel: [    5.340221] pci 0000:64:00.1: [8086:09a4] type 00 class 0x088000
2025-05-21T10:59:23.313646+00:00 mc-misc2002 kernel: [    5.344216] pci 0000:64:00.2: [8086:09a3] type 00 class 0x088000
2025-05-21T10:59:23.313647+00:00 mc-misc2002 kernel: [    5.352217] pci 0000:64:00.4: [8086:0998] type 00 class 0x060000
2025-05-21T10:59:23.313647+00:00 mc-misc2002 kernel: [    5.360222] pci 0000:64:02.0: [8086:347a] type 01 class 0x060400
2025-05-21T10:59:23.313648+00:00 mc-misc2002 kernel: [    5.368157] pci 0000:64:02.0: reg 0x10: [mem 0x204ffff60000-0x204ffff7ffff 64bit]
2025-05-21T10:59:23.313648+00:00 mc-misc2002 kernel: [    5.376190] pci 0000:64:02.0: PME# supported from D0 D3hot D3cold
2025-05-21T10:59:23.313648+00:00 mc-misc2002 kernel: [    5.380391] pci 0000:64:03.0: [8086:347b] type 01 class 0x060400
2025-05-21T10:59:23.313653+00:00 mc-misc2002 kernel: [    5.388160] pci 0000:64:03.0: reg 0x10: [mem 0x204ffff40000-0x204ffff5ffff 64bit]
2025-05-21T10:59:23.313653+00:00 mc-misc2002 kernel: [    5.396164] pci 0000:64:03.0: enabling Extended Tags
2025-05-21T10:59:23.313654+00:00 mc-misc2002 kernel: [    5.404207] pci 0000:64:03.0: PME# supported from D0 D3hot D3cold
2025-05-21T10:59:23.313654+00:00 mc-misc2002 kernel: [    5.408384] pci 0000:64:04.0: [8086:347c] type 01 class 0x060400
2025-05-21T10:59:23.313654+00:00 mc-misc2002 kernel: [    5.416158] pci 0000:64:04.0: reg 0x10: [mem 0x204ffff20000-0x204ffff3ffff 64bit]
2025-05-21T10:59:23.313655+00:00 mc-misc2002 kernel: [    5.424160] pci 0000:64:04.0: enabling Extended Tags
2025-05-21T10:59:23.313659+00:00 mc-misc2002 kernel: [    5.432179] pci 0000:64:04.0: PME# supported from D0 D3hot D3cold
2025-05-21T10:59:23.313659+00:00 mc-misc2002 kernel: [    5.436385] pci 0000:64:05.0: [8086:347d] type 01 class 0x060400
2025-05-21T10:59:23.313660+00:00 mc-misc2002 kernel: [    5.444158] pci 0000:64:05.0: reg 0x10: [mem 0x204ffff00000-0x204ffff1ffff 64bit]
2025-05-21T10:59:23.313660+00:00 mc-misc2002 kernel: [    5.452159] pci 0000:64:05.0: enabling Extended Tags
2025-05-21T10:59:23.313660+00:00 mc-misc2002 kernel: [    5.460185] pci 0000:64:05.0: PME# supported from D0 D3hot D3cold
2025-05-21T10:59:23.313661+00:00 mc-misc2002 kernel: [    5.464518] pci 0000:65:00.0: [1344:51c4] type 00 class 0x010802
2025-05-21T10:59:23.313661+00:00 mc-misc2002 kernel: [    5.472161] pci 0000:65:00.0: reg 0x10: [mem 0xc5e40000-0xc5e7ffff 64bit]
2025-05-21T10:59:23.313665+00:00 mc-misc2002 kernel: [    5.480172] pci 0000:65:00.0: reg 0x30: [mem 0xc5e00000-0xc5e3ffff pref]
2025-05-21T10:59:23.313666+00:00 mc-misc2002 kernel: [    5.488195] pci 0000:65:00.0: PME# supported from D0 D1 D3hot
2025-05-21T10:59:23.313666+00:00 mc-misc2002 kernel: [    5.492238] pci 0000:64:02.0: PCI bridge to [bus 65]
2025-05-21T10:59:23.313667+00:00 mc-misc2002 kernel: [    5.500151] pci 0000:64:02.0:   bridge window [mem 0xc5e00000-0xc5efffff]
2025-05-21T10:59:23.313667+00:00 mc-misc2002 kernel: [    5.508273] pci 0000:64:03.0: PCI bridge to [bus 66]
2025-05-21T10:59:23.313667+00:00 mc-misc2002 kernel: [    5.512150] pci 0000:64:03.0:   bridge window [mem 0xc5d00000-0xc5dfffff]
2025-05-21T10:59:23.313671+00:00 mc-misc2002 kernel: [    5.520272] pci 0000:64:04.0: PCI bridge to [bus 67]
2025-05-21T10:59:23.313672+00:00 mc-misc2002 kernel: [    5.528150] pci 0000:64:04.0:   bridge window [mem 0xc5c00000-0xc5cfffff]
2025-05-21T10:59:23.313672+00:00 mc-misc2002 kernel: [    5.532271] pci 0000:64:05.0: PCI bridge to [bus 68]
2025-05-21T10:59:23.313673+00:00 mc-misc2002 kernel: [    5.540150] pci 0000:64:05.0:   bridge window [mem 0xc5b00000-0xc5bfffff]
2025-05-21T10:59:23.313673+00:00 mc-misc2002 kernel: [    5.548165] pci_bus 0000:64: on NUMA node 0
2025-05-21T10:59:23.313673+00:00 mc-misc2002 kernel: [    5.548259] ACPI: PCI Root Bridge [UC06] (domain 0000 [bus 7e])
2025-05-21T10:59:23.313678+00:00 mc-misc2002 kernel: [    5.552149] acpi PNP0A08:06: _OSC: OS supports [ExtendedConfig ASPM ClockPM Segments MSI HPX-Type3]
2025-05-21T10:59:23.313678+00:00 mc-misc2002 kernel: [    5.564219] acpi PNP0A08:06: _OSC: platform does not support [SHPCHotplug AER LTR]
2025-05-21T10:59:23.313679+00:00 mc-misc2002 kernel: [    5.572270] acpi PNP0A08:06: _OSC: OS now controls [PCIeHotplug PME PCIeCapability]
2025-05-21T10:59:23.313679+00:00 mc-misc2002 kernel: [    5.580148] acpi PNP0A08:06: FADT indicates ASPM is unsupported, using BIOS configuration
2025-05-21T10:59:23.313680+00:00 mc-misc2002 kernel: [    5.592257] PCI host bridge to bus 0000:7e
2025-05-21T10:59:23.313680+00:00 mc-misc2002 kernel: [    5.596148] pci_bus 0000:7e: root bus resource [bus 7e]
2025-05-21T10:59:23.313680+00:00 mc-misc2002 kernel: [    5.600157] pci 0000:7e:00.0: [8086:3450] type 00 class 0x088000
2025-05-21T10:59:23.313684+00:00 mc-misc2002 kernel: [    5.608223] pci 0000:7e:00.1: [8086:3451] type 00 class 0x088000
2025-05-21T10:59:23.313685+00:00 mc-misc2002 kernel: [    5.616208] pci 0000:7e:00.2: [8086:3452] type 00 class 0x088000
2025-05-21T10:59:23.313685+00:00 mc-misc2002 kernel: [    5.620205] pci 0000:7e:00.3: [8086:0998] type 00 class 0x060000
2025-05-21T10:59:23.313686+00:00 mc-misc2002 kernel: [    5.628216] pci 0000:7e:00.5: [8086:3455] type 00 class 0x088000
2025-05-21T10:59:23.313686+00:00 mc-misc2002 kernel: [    5.636214] pci 0000:7e:02.0: [8086:3440] type 00 class 0x088000
2025-05-21T10:59:23.313686+00:00 mc-misc2002 kernel: [    5.640287] pci 0000:7e:02.1: [8086:3441] type 00 class 0x088000
2025-05-21T10:59:23.313690+00:00 mc-misc2002 kernel: [    5.648263] pci 0000:7e:02.2: [8086:3442] type 00 class 0x088000
2025-05-21T10:59:23.313691+00:00 mc-misc2002 kernel: [    5.656268] pci 0000:7e:04.0: [8086:3440] type 00 class 0x088000
2025-05-21T10:59:23.313691+00:00 mc-misc2002 kernel: [    5.664276] pci 0000:7e:04.1: [8086:3441] type 00 class 0x088000
2025-05-21T10:59:23.313692+00:00 mc-misc2002 kernel: [    5.668271] pci 0000:7e:04.2: [8086:3442] type 00 class 0x088000
2025-05-21T10:59:23.313692+00:00 mc-misc2002 kernel: [    5.676271] pci 0000:7e:04.3: [8086:3443] type 00 class 0x088000
2025-05-21T10:59:23.313692+00:00 mc-misc2002 kernel: [    5.684274] pci 0000:7e:05.0: [8086:3445] type 00 class 0x088000
2025-05-21T10:59:23.313694+00:00 mc-misc2002 kernel: [    5.688282] pci 0000:7e:05.1: [8086:3446] type 00 class 0x088000
2025-05-21T10:59:23.313698+00:00 mc-misc2002 kernel: [    5.696270] pci 0000:7e:05.2: [8086:3447] type 00 class 0x088000
2025-05-21T10:59:23.313699+00:00 mc-misc2002 kernel: [    5.704266] pci 0000:7e:06.0: [8086:3445] type 00 class 0x088000
2025-05-21T10:59:23.313699+00:00 mc-misc2002 kernel: [    5.712245] pci 0000:7e:06.1: [8086:3446] type 00 class 0x088000
2025-05-21T10:59:23.313699+00:00 mc-misc2002 kernel: [    5.716230] pci 0000:7e:06.2: [8086:3447] type 00 class 0x088000
2025-05-21T10:59:23.313700+00:00 mc-misc2002 kernel: [    5.724239] pci 0000:7e:07.0: [8086:3445] type 00 class 0x088000
2025-05-21T10:59:23.313700+00:00 mc-misc2002 kernel: [    5.732289] pci 0000:7e:07.1: [8086:3446] type 00 class 0x088000
2025-05-21T10:59:23.313704+00:00 mc-misc2002 kernel: [    5.736275] pci 0000:7e:07.2: [8086:3447] type 00 class 0x088000
2025-05-21T10:59:23.313705+00:00 mc-misc2002 kernel: [    5.744276] pci 0000:7e:0b.0: [8086:3448] type 00 class 0x088000
2025-05-21T10:59:23.313705+00:00 mc-misc2002 kernel: [    5.752234] pci 0000:7e:0b.1: [8086:3448] type 00 class 0x088000
2025-05-21T10:59:23.313706+00:00 mc-misc2002 kernel: [    5.760212] pci 0000:7e:0b.2: [8086:344b] type 00 class 0x088000
2025-05-21T10:59:23.313706+00:00 mc-misc2002 kernel: [    5.764219] pci 0000:7e:0c.0: [8086:344a] type 00 class 0x110100
2025-05-21T10:59:23.313707+00:00 mc-misc2002 kernel: [    5.772258] pci 0000:7e:0d.0: [8086:344a] type 00 class 0x110100
2025-05-21T10:59:23.313710+00:00 mc-misc2002 kernel: [    5.780251] pci 0000:7e:0e.0: [8086:344a] type 00 class 0x110100
2025-05-21T10:59:23.313711+00:00 mc-misc2002 kernel: [    5.784289] pci 0000:7e:0f.0: [8086:344a] type 00 class 0x110100
2025-05-21T10:59:23.313711+00:00 mc-misc2002 kernel: [    5.792304] pci 0000:7e:1a.0: [8086:2880] type 00 class 0x110100
2025-05-21T10:59:23.313712+00:00 mc-misc2002 kernel: [    5.800255] pci 0000:7e:1b.0: [8086:2880] type 00 class 0x110100
2025-05-21T10:59:23.313712+00:00 mc-misc2002 kernel: [    5.808253] pci 0000:7e:1c.0: [8086:2880] type 00 class 0x110100
2025-05-21T10:59:23.313713+00:00 mc-misc2002 kernel: [    5.812298] pci 0000:7e:1d.0: [8086:2880] type 00 class 0x110100
2025-05-21T10:59:23.313713+00:00 mc-misc2002 kernel: [    5.820294] pci_bus 0000:7e: on NUMA node 0
2025-05-21T10:59:23.313717+00:00 mc-misc2002 kernel: [    5.820367] ACPI: PCI Root Bridge [UC07] (domain 0000 [bus 7f])
2025-05-21T10:59:23.313717+00:00 mc-misc2002 kernel: [    5.828150] acpi PNP0A08:07: _OSC: OS supports [ExtendedConfig ASPM ClockPM Segments MSI HPX-Type3]
2025-05-21T10:59:23.313718+00:00 mc-misc2002 kernel: [    5.836216] acpi PNP0A08:07: _OSC: platform does not support [SHPCHotplug AER LTR]
2025-05-21T10:59:23.313718+00:00 mc-misc2002 kernel: [    5.844267] acpi PNP0A08:07: _OSC: OS now controls [PCIeHotplug PME PCIeCapability]
2025-05-21T10:59:23.313719+00:00 mc-misc2002 kernel: [    5.856148] acpi PNP0A08:07: FADT indicates ASPM is unsupported, using BIOS configuration
2025-05-21T10:59:23.313719+00:00 mc-misc2002 kernel: [    5.864266] PCI host bridge to bus 0000:7f
2025-05-21T10:59:23.313723+00:00 mc-misc2002 kernel: [    5.868148] pci_bus 0000:7f: root bus resource [bus 7f]
2025-05-21T10:59:23.313724+00:00 mc-misc2002 kernel: [    5.876163] pci 0000:7f:00.0: [8086:344c] type 00 class 0x088000
2025-05-21T10:59:23.313724+00:00 mc-misc2002 kernel: [    5.880268] pci 0000:7f:00.1: [8086:344c] type 00 class 0x088000
2025-05-21T10:59:23.313725+00:00 mc-misc2002 kernel: [    5.888263] pci 0000:7f:00.2: [8086:344c] type 00 class 0x088000
2025-05-21T10:59:23.313725+00:00 mc-misc2002 kernel: [    5.896248] pci 0000:7f:00.3: [8086:344c] type 00 class 0x088000
2025-05-21T10:59:23.313726+00:00 mc-misc2002 kernel: [    5.900272] pci 0000:7f:00.4: [8086:344c] type 00 class 0x088000
2025-05-21T10:59:23.313730+00:00 mc-misc2002 kernel: [    5.908271] pci 0000:7f:00.5: [8086:344c] type 00 class 0x088000
2025-05-21T10:59:23.313730+00:00 mc-misc2002 kernel: [    5.916244] pci 0000:7f:00.6: [8086:344c] type 00 class 0x088000
2025-05-21T10:59:23.313731+00:00 mc-misc2002 kernel: [    5.920274] pci 0000:7f:00.7: [8086:344c] type 00 class 0x088000
2025-05-21T10:59:23.313731+00:00 mc-misc2002 kernel: [    5.928282] pci 0000:7f:01.0: [8086:344c] type 00 class 0x088000
2025-05-21T10:59:23.313732+00:00 mc-misc2002 kernel: [    5.936294] pci 0000:7f:01.1: [8086:344c] type 00 class 0x088000
2025-05-21T10:59:23.313732+00:00 mc-misc2002 kernel: [    5.944283] pci 0000:7f:01.2: [8086:344c] type 00 class 0x088000
2025-05-21T10:59:23.313732+00:00 mc-misc2002 kernel: [    5.948293] pci 0000:7f:01.3: [8086:344c] type 00 class 0x088000
2025-05-21T10:59:23.313737+00:00 mc-misc2002 kernel: [    5.956300] pci 0000:7f:0a.0: [8086:344d] type 00 class 0x088000
2025-05-21T10:59:23.313737+00:00 mc-misc2002 kernel: [    5.964273] pci 0000:7f:0a.1: [8086:344d] type 00 class 0x088000
2025-05-21T10:59:23.313738+00:00 mc-misc2002 kernel: [    5.972270] pci 0000:7f:0a.2: [8086:344d] type 00 class 0x088000
2025-05-21T10:59:23.313738+00:00 mc-misc2002 kernel: [    5.976249] pci 0000:7f:0a.3: [8086:344d] type 00 class 0x088000
2025-05-21T10:59:23.313739+00:00 mc-misc2002 kernel: [    5.984271] pci 0000:7f:0a.4: [8086:344d] type 00 class 0x088000
2025-05-21T10:59:23.313739+00:00 mc-misc2002 kernel: [    5.992271] pci 0000:7f:0a.5: [8086:344d] type 00 class 0x088000
2025-05-21T10:59:23.313743+00:00 mc-misc2002 kernel: [    5.996237] pci 0000:7f:0a.6: [8086:344d] type 00 class 0x088000
2025-05-21T10:59:23.313744+00:00 mc-misc2002 kernel: [    6.004273] pci 0000:7f:0a.7: [8086:344d] type 00 class 0x088000
2025-05-21T10:59:23.313744+00:00 mc-misc2002 kernel: [    6.012278] pci 0000:7f:0b.0: [8086:344d] type 00 class 0x088000
2025-05-21T10:59:23.313744+00:00 mc-misc2002 kernel: [    6.020294] pci 0000:7f:0b.1: [8086:344d] type 00 class 0x088000
2025-05-21T10:59:23.313745+00:00 mc-misc2002 kernel: [    6.024291] pci 0000:7f:0b.2: [8086:344d] type 00 class 0x088000
2025-05-21T10:59:23.313745+00:00 mc-misc2002 kernel: [    6.032293] pci 0000:7f:0b.3: [8086:344d] type 00 class 0x088000
2025-05-21T10:59:23.313746+00:00 mc-misc2002 kernel: [    6.040308] pci 0000:7f:1d.0: [8086:344f] type 00 class 0x088000
2025-05-21T10:59:23.313750+00:00 mc-misc2002 kernel: [    6.044275] pci 0000:7f:1d.1: [8086:3457] type 00 class 0x088000
2025-05-21T10:59:23.313750+00:00 mc-misc2002 kernel: [    6.052259] pci 0000:7f:1e.0: [8086:3458] type 00 class 0x088000
2025-05-21T10:59:23.313751+00:00 mc-misc2002 kernel: [    6.060228] pci 0000:7f:1e.1: [8086:3459] type 00 class 0x088000
2025-05-21T10:59:23.313751+00:00 mc-misc2002 kernel: [    6.068213] pci 0000:7f:1e.2: [8086:345a] type 00 class 0x088000
2025-05-21T10:59:23.313751+00:00 mc-misc2002 kernel: [    6.072211] pci 0000:7f:1e.3: [8086:345b] type 00 class 0x088000
2025-05-21T10:59:23.313752+00:00 mc-misc2002 kernel: [    6.080215] pci 0000:7f:1e.4: [8086:345c] type 00 class 0x088000
2025-05-21T10:59:23.313756+00:00 mc-misc2002 kernel: [    6.088211] pci 0000:7f:1e.5: [8086:345d] type 00 class 0x088000
2025-05-21T10:59:23.313756+00:00 mc-misc2002 kernel: [    6.092210] pci 0000:7f:1e.6: [8086:345e] type 00 class 0x088000
2025-05-21T10:59:23.313757+00:00 mc-misc2002 kernel: [    6.100212] pci 0000:7f:1e.7: [8086:345f] type 00 class 0x088000
2025-05-21T10:59:23.313757+00:00 mc-misc2002 kernel: [    6.108207] pci_bus 0000:7f: on NUMA node 0
2025-05-21T10:59:23.313758+00:00 mc-misc2002 kernel: [    6.108283] ACPI: PCI Root Bridge [PC06] (domain 0000 [bus 80-96])
2025-05-21T10:59:23.313758+00:00 mc-misc2002 kernel: [    6.116149] acpi PNP0A08:08: _OSC: OS supports [ExtendedConfig ASPM ClockPM Segments MSI HPX-Type3]
2025-05-21T10:59:23.313771+00:00 mc-misc2002 kernel: [    6.124709] acpi PNP0A08:08: _OSC: platform does not support [SHPCHotplug AER]
2025-05-21T10:59:23.313772+00:00 mc-misc2002 kernel: [    6.132343] acpi PNP0A08:08: _OSC: OS now controls [PCIeHotplug PME PCIeCapability LTR]
2025-05-21T10:59:23.313773+00:00 mc-misc2002 kernel: [    6.144148] acpi PNP0A08:08: FADT indicates ASPM is unsupported, using BIOS configuration
2025-05-21T10:59:23.313773+00:00 mc-misc2002 kernel: [    6.152266] PCI host bridge to bus 0000:80
2025-05-21T10:59:23.313773+00:00 mc-misc2002 kernel: [    6.156148] pci_bus 0000:80: root bus resource [io  0xb000-0xbfff window]
2025-05-21T10:59:23.313774+00:00 mc-misc2002 kernel: [    6.164148] pci_bus 0000:80: root bus resource [mem 0xc6800000-0xd0ffffff window]
2025-05-21T10:59:23.313774+00:00 mc-misc2002 kernel: [    6.172149] pci_bus 0000:80: root bus resource [mem 0x205000000000-0x205fffffffff window]
2025-05-21T10:59:23.313796+00:00 mc-misc2002 kernel: [    6.180148] pci_bus 0000:80: root bus resource [bus 80-96]
2025-05-21T10:59:23.313797+00:00 mc-misc2002 kernel: [    6.188159] pci 0000:80:00.0: [8086:09a2] type 00 class 0x088000
2025-05-21T10:59:23.313797+00:00 mc-misc2002 kernel: [    6.196238] pci 0000:80:00.1: [8086:09a4] type 00 class 0x088000
2025-05-21T10:59:23.313798+00:00 mc-misc2002 kernel: [    6.200222] pci 0000:80:00.2: [8086:09a3] type 00 class 0x088000
2025-05-21T10:59:23.313798+00:00 mc-misc2002 kernel: [    6.208225] pci 0000:80:00.4: [8086:0998] type 00 class 0x060000
2025-05-21T10:59:23.313798+00:00 mc-misc2002 kernel: [    6.216229] pci 0000:80:01.0: [8086:0b00] type 00 class 0x088000
2025-05-21T10:59:23.313807+00:00 mc-misc2002 kernel: [    6.220158] pci 0000:80:01.0: reg 0x10: [mem 0x205ffff40000-0x205ffff43fff 64bit]
2025-05-21T10:59:23.313808+00:00 mc-misc2002 kernel: [    6.228252] pci 0000:80:01.1: [8086:0b00] type 00 class 0x088000
2025-05-21T10:59:23.313808+00:00 mc-misc2002 kernel: [    6.236158] pci 0000:80:01.1: reg 0x10: [mem 0x205ffff3c000-0x205ffff3ffff 64bit]
2025-05-21T10:59:23.313808+00:00 mc-misc2002 kernel: [    6.244249] pci 0000:80:01.2: [8086:0b00] type 00 class 0x088000
2025-05-21T10:59:23.313809+00:00 mc-misc2002 kernel: [    6.252159] pci 0000:80:01.2: reg 0x10: [mem 0x205ffff38000-0x205ffff3bfff 64bit]
2025-05-21T10:59:23.313809+00:00 mc-misc2002 kernel: [    6.260249] pci 0000:80:01.3: [8086:0b00] type 00 class 0x088000
2025-05-21T10:59:23.313814+00:00 mc-misc2002 kernel: [    6.268158] pci 0000:80:01.3: reg 0x10: [mem 0x205ffff34000-0x205ffff37fff 64bit]
2025-05-21T10:59:23.313815+00:00 mc-misc2002 kernel: [    6.276252] pci 0000:80:01.4: [8086:0b00] type 00 class 0x088000
2025-05-21T10:59:23.313815+00:00 mc-misc2002 kernel: [    6.284158] pci 0000:80:01.4: reg 0x10: [mem 0x205ffff30000-0x205ffff33fff 64bit]
2025-05-21T10:59:23.313816+00:00 mc-misc2002 kernel: [    6.292251] pci 0000:80:01.5: [8086:0b00] type 00 class 0x088000
2025-05-21T10:59:23.313816+00:00 mc-misc2002 kernel: [    6.296158] pci 0000:80:01.5: reg 0x10: [mem 0x205ffff2c000-0x205ffff2ffff 64bit]
2025-05-21T10:59:23.313816+00:00 mc-misc2002 kernel: [    6.304248] pci 0000:80:01.6: [8086:0b00] type 00 class 0x088000
2025-05-21T10:59:23.313817+00:00 mc-misc2002 kernel: [    6.312159] pci 0000:80:01.6: reg 0x10: [mem 0x205ffff28000-0x205ffff2bfff 64bit]
2025-05-21T10:59:23.313821+00:00 mc-misc2002 kernel: [    6.320248] pci 0000:80:01.7: [8086:0b00] type 00 class 0x088000
2025-05-21T10:59:23.313821+00:00 mc-misc2002 kernel: [    6.328158] pci 0000:80:01.7: reg 0x10: [mem 0x205ffff24000-0x205ffff27fff 64bit]
2025-05-21T10:59:23.313822+00:00 mc-misc2002 kernel: [    6.336252] pci 0000:80:02.0: [8086:09a6] type 00 class 0x088000
2025-05-21T10:59:23.313822+00:00 mc-misc2002 kernel: [    6.344156] pci 0000:80:02.0: reg 0x10: [mem 0xd0f80000-0xd0f81fff]
2025-05-21T10:59:23.313823+00:00 mc-misc2002 kernel: [    6.352210] pci 0000:80:02.1: [8086:09a7] type 00 class 0x088000
2025-05-21T10:59:23.313823+00:00 mc-misc2002 kernel: [    6.356156] pci 0000:80:02.1: reg 0x10: [mem 0xd0f00000-0xd0f7ffff]
2025-05-21T10:59:23.313829+00:00 mc-misc2002 kernel: [    6.364152] pci 0000:80:02.1: reg 0x14: [mem 0xd0e80000-0xd0efffff]
2025-05-21T10:59:23.313829+00:00 mc-misc2002 kernel: [    6.372208] pci 0000:80:02.4: [8086:3456] type 00 class 0x130000
2025-05-21T10:59:23.313830+00:00 mc-misc2002 kernel: [    6.376158] pci 0000:80:02.4: reg 0x10: [mem 0x205fffe00000-0x205fffefffff 64bit]
2025-05-21T10:59:23.313830+00:00 mc-misc2002 kernel: [    6.388155] pci 0000:80:02.4: reg 0x18: [mem 0x205ffff20000-0x205ffff23fff 64bit]
2025-05-21T10:59:23.313831+00:00 mc-misc2002 kernel: [    6.396155] pci 0000:80:02.4: reg 0x20: [mem 0x205ffff00000-0x205ffff1ffff 64bit]
2025-05-21T10:59:23.313831+00:00 mc-misc2002 kernel: [    6.404219] pci_bus 0000:80: on NUMA node 1
2025-05-21T10:59:23.313831+00:00 mc-misc2002 kernel: [    6.404286] ACPI: PCI Root Bridge [PC07] (domain 0000 [bus 97-af])
2025-05-21T10:59:23.313836+00:00 mc-misc2002 kernel: [    6.412149] acpi PNP0A08:09: _OSC: OS supports [ExtendedConfig ASPM ClockPM Segments MSI HPX-Type3]
2025-05-21T10:59:23.313836+00:00 mc-misc2002 kernel: [    6.421099] acpi PNP0A08:09: _OSC: platform does not support [SHPCHotplug AER]
2025-05-21T10:59:23.313837+00:00 mc-misc2002 kernel: [    6.428404] acpi PNP0A08:09: _OSC: OS now controls [PCIeHotplug PME PCIeCapability LTR]
